<html>
<body>
<pre>
<h1>礦ision Build Log</h1>
<h2>Tool Versions:</h2>
IDE-Version: μVision V5.25.2.0
Copyright (C) 2018 ARM Ltd and ARM Germany GmbH. All rights reserved.
License Information: y Microsoft, Microsoft, LIC=----
 
Tool Versions:
Toolchain:       MDK-Lite  Version: 5.25.2.0
Toolchain Path:  D:\Keil5\ARM\ARMCC\Bin
C Compiler:      Armcc.exe V5.06 update 6 (build 750)
Assembler:       Armasm.exe V5.06 update 6 (build 750)
Linker/Locator:  ArmLink.exe V5.06 update 6 (build 750)
Library Manager: ArmAr.exe V5.06 update 6 (build 750)
Hex Converter:   FromElf.exe V5.06 update 6 (build 750)
CPU DLL:         SARMCM3.DLL V5.25.2.0
Dialog DLL:      DCM.DLL V1.17.1.0
Target DLL:      Segger\JL2CM3.dll V2.99.29.0
Dialog DLL:      TCM.DLL V1.35.1.0
 
<h2>Project:</h2>
E:\stm32学习\OSEK_NM\App\keil\OSEKNM.uvprojx
Project File Date:  01/20/2019

<h2>Output:</h2>
*** Using Compiler 'V5.06 update 6 (build 750)', folder: 'D:\Keil5\ARM\ARMCC\Bin'
Build target 'OSEKNM'
compiling Test.c...
compiling CAN.c...
compiling Driver_Common.c...
compiling OsekNM.c...
..\..\OsekNM_core\OsekNM.c(95): warning:  #177-D: variable "NMTxFlag"  was declared but never referenced
  	NMTypeU8_t NMTxFlag = 0;//作为报文发送标志
..\..\OsekNM_core\OsekNM.c(390): warning:  #68-D: integer conversion resulted in a change of sign
  	return -1;
..\..\OsekNM_core\OsekNM.c(414): warning:  #68-D: integer conversion resulted in a change of sign
  	return -1;
..\..\OsekNM_core\OsekNM.c(803): warning:  #177-D: variable "NMTxFlag"  was declared but never referenced
  	NMTypeU8_t NMTxFlag = 0;
..\..\OsekNM_core\OsekNM.c: 4 warnings, 0 errors
linking...
Program Size: Code=9486 RO-data=466 RW-data=80 ZI-data=2192  
FromELF: creating hex file...
".\Objects\OSEKNM.axf" - 0 Error(s), 4 Warning(s).

<h2>Software Packages used:</h2>

Package Vendor: Keil
                http://www.keil.com/pack/Keil.STM32F4xx_DFP.2.13.0.pack
                Keil.STM32F4xx_DFP.2.13.0
                STMicroelectronics STM32F4 Series Device Support, Drivers and Examples

<h2>Collection of Component include folders:</h2>
  .\RTE\_OSEKNM
  D:\Keil5\ARM\PACK\Keil\STM32F4xx_DFP\2.13.0\Drivers\CMSIS\Device\ST\STM32F4xx\Include

<h2>Collection of Component Files used:</h2>
Build Time Elapsed:  00:00:03
</pre>
</body>
</html>
