Component: ARM Compiler 5.06 update 6 (build 750) Tool: armlink [4d35ed]

==============================================================================

Section Cross References

    oseknm.o(i.EnsureLogicSuccessor) refers to oseknm.o(.bss) for NodeCfg
    oseknm.o(i.FineLimpHomeNode) refers to oseknm.o(.bss) for NodeCfg
    oseknm.o(i.FinePresentNode) refers to oseknm.o(.bss) for NodeCfg
    oseknm.o(i.IsSkiped) refers to oseknm.o(.bss) for NodeCfg
    oseknm.o(i.NMBusSleep) refers to noretval__2printf.o(.text) for __2printf
    oseknm.o(i.NMBusSleep) refers to stm32f4xx_can.o(i.CAN_Init) for CAN_Init
    oseknm.o(i.NMBusSleep) refers to timer.o(i.Stm32Timer3ShutDown) for Stm32Timer3ShutDown
    oseknm.o(i.NMBusSleep) refers to driver_common.o(i.GetFromFIFO) for GetFromFIFO
    oseknm.o(i.NMBusSleep) refers to oseknm.o(.data) for CalledGotoModeAwake
    oseknm.o(i.NMInit) refers to noretval__2printf.o(.text) for __2printf
    oseknm.o(i.NMInit) refers to driver_common.o(i.InitPlatform) for InitPlatform
    oseknm.o(i.NMInit) refers to oseknm.o(.bss) for NodeCfg
    oseknm.o(i.NMInit) refers to oseknm.o(.data) for ConfigedPara
    oseknm.o(i.NMLimpHome) refers to _printf_pad.o(.text) for _printf_pre_padding
    oseknm.o(i.NMLimpHome) refers to _printf_percent.o(.ARM.Collect$$_printf_percent$$00000000) for _printf_percent
    oseknm.o(i.NMLimpHome) refers to _printf_x.o(.ARM.Collect$$_printf_percent$$0000000C) for _printf_x
    oseknm.o(i.NMLimpHome) refers to _printf_hex_int.o(.text) for _printf_longlong_hex
    oseknm.o(i.NMLimpHome) refers to noretval__2printf.o(.text) for __2printf
    oseknm.o(i.NMLimpHome) refers to driver_common.o(i.GetTimerIsOut) for GetTimerIsOut
    oseknm.o(i.NMLimpHome) refers to driver_common.o(i.ClcTimerOutFlag) for ClcTimerOutFlag
    oseknm.o(i.NMLimpHome) refers to driver_common.o(i.SetAlarm) for SetAlarm
    oseknm.o(i.NMLimpHome) refers to driver_common.o(i.InitNMPDU) for InitNMPDU
    oseknm.o(i.NMLimpHome) refers to driver_common.o(i.TX_CAN_Transmit) for TX_CAN_Transmit
    oseknm.o(i.NMLimpHome) refers to driver_common.o(i.CancelAlarm) for CancelAlarm
    oseknm.o(i.NMLimpHome) refers to delay.o(i.delay_ms) for delay_ms
    oseknm.o(i.NMLimpHome) refers to driver_common.o(i.GetFromFIFO) for GetFromFIFO
    oseknm.o(i.NMLimpHome) refers to oseknm.o(.bss) for NodeCfg
    oseknm.o(i.NMLimpHome) refers to oseknm.o(.data) for NMTidTMAX
    oseknm.o(i.NMLimpHomePrepSleep) refers to noretval__2printf.o(.text) for __2printf
    oseknm.o(i.NMLimpHomePrepSleep) refers to driver_common.o(i.SetAlarm) for SetAlarm
    oseknm.o(i.NMLimpHomePrepSleep) refers to driver_common.o(i.GetFromFIFO) for GetFromFIFO
    oseknm.o(i.NMLimpHomePrepSleep) refers to driver_common.o(i.GetTimerIsOut) for GetTimerIsOut
    oseknm.o(i.NMLimpHomePrepSleep) refers to driver_common.o(i.ClcTimerOutFlag) for ClcTimerOutFlag
    oseknm.o(i.NMLimpHomePrepSleep) refers to driver_common.o(i.CancelAlarm) for CancelAlarm
    oseknm.o(i.NMLimpHomePrepSleep) refers to oseknm.o(.data) for CalledGotoModeAwake
    oseknm.o(i.NMNormal) refers to noretval__2printf.o(.text) for __2printf
    oseknm.o(i.NMNormal) refers to driver_common.o(i.GetFromFIFO) for GetFromFIFO
    oseknm.o(i.NMNormal) refers to oseknm.o(i.NormalStandardNM) for NormalStandardNM
    oseknm.o(i.NMNormal) refers to driver_common.o(i.CancelAlarm) for CancelAlarm
    oseknm.o(i.NMNormal) refers to driver_common.o(i.SetAlarm) for SetAlarm
    oseknm.o(i.NMNormal) refers to driver_common.o(i.GetTimerIsOut) for GetTimerIsOut
    oseknm.o(i.NMNormal) refers to driver_common.o(i.ClcTimerOutFlag) for ClcTimerOutFlag
    oseknm.o(i.NMNormal) refers to driver_common.o(i.InitNMPDU) for InitNMPDU
    oseknm.o(i.NMNormal) refers to driver_common.o(i.TX_CAN_Transmit) for TX_CAN_Transmit
    oseknm.o(i.NMNormal) refers to oseknm.o(.data) for NMTXCount
    oseknm.o(i.NMNormal) refers to oseknm.o(.bss) for NodeCfg
    oseknm.o(i.NMNormalPrepSleep) refers to noretval__2printf.o(.text) for __2printf
    oseknm.o(i.NMNormalPrepSleep) refers to driver_common.o(i.GetFromFIFO) for GetFromFIFO
    oseknm.o(i.NMNormalPrepSleep) refers to oseknm.o(i.NormalStandardNM) for NormalStandardNM
    oseknm.o(i.NMNormalPrepSleep) refers to driver_common.o(i.CancelAlarm) for CancelAlarm
    oseknm.o(i.NMNormalPrepSleep) refers to driver_common.o(i.SetAlarm) for SetAlarm
    oseknm.o(i.NMNormalPrepSleep) refers to driver_common.o(i.GetTimerIsOut) for GetTimerIsOut
    oseknm.o(i.NMNormalPrepSleep) refers to driver_common.o(i.ClcTimerOutFlag) for ClcTimerOutFlag
    oseknm.o(i.NMNormalPrepSleep) refers to driver_common.o(i.InitNMPDU) for InitNMPDU
    oseknm.o(i.NMNormalPrepSleep) refers to driver_common.o(i.TX_CAN_Transmit) for TX_CAN_Transmit
    oseknm.o(i.NMNormalPrepSleep) refers to oseknm.o(.data) for NMTidTMAX
    oseknm.o(i.NMNormalPrepSleep) refers to oseknm.o(.bss) for NodeCfg
    oseknm.o(i.NMReset) refers to noretval__2printf.o(.text) for __2printf
[...]
    ../clib/angel/sys.s                      0x00000000   Number         0  libspace.o ABSOLUTE
    ../clib/angel/sysapp.c                   0x00000000   Number         0  sys_command.o ABSOLUTE
    ../clib/angel/sysapp.c                   0x00000000   Number         0  sys_wrch.o ABSOLUTE
    ../clib/armsys.c                         0x00000000   Number         0  no_argv.o ABSOLUTE
    ../clib/armsys.c                         0x00000000   Number         0  _get_argv_nomalloc.o ABSOLUTE
    ../clib/armsys.c                         0x00000000   Number         0  argv_veneer.o ABSOLUTE
    ../clib/armsys.c                         0x00000000   Number         0  argv_veneer.o ABSOLUTE
    ../clib/heapalloc.c                      0x00000000   Number         0  hrguard.o ABSOLUTE
    ../clib/heapaux.c                        0x00000000   Number         0  heapauxi.o ABSOLUTE
    ../clib/libinit.s                        0x00000000   Number         0  libshutdown2.o ABSOLUTE
    ../clib/libinit.s                        0x00000000   Number         0  libinit.o ABSOLUTE
    ../clib/libinit.s                        0x00000000   Number         0  libinit2.o ABSOLUTE
    ../clib/libinit.s                        0x00000000   Number         0  libshutdown.o ABSOLUTE
    ../clib/misc.s                           0x00000000   Number         0  printf_stubs.o ABSOLUTE
    ../clib/printf.c                         0x00000000   Number         0  __printf_wp.o ABSOLUTE
    ../clib/printf.c                         0x00000000   Number         0  __printf_flags_wp.o ABSOLUTE
    ../clib/printf.c                         0x00000000   Number         0  _printf_hex_int_ll.o ABSOLUTE
    ../clib/printf.c                         0x00000000   Number         0  __printf_flags_ss_wp.o ABSOLUTE
    ../clib/printf.c                         0x00000000   Number         0  _printf_hex_int.o ABSOLUTE
    ../clib/printf.c                         0x00000000   Number         0  _printf_hex_ll.o ABSOLUTE
    ../clib/printf.c                         0x00000000   Number         0  _printf_pad.o ABSOLUTE
    ../clib/printf.c                         0x00000000   Number         0  __printf_flags_ss.o ABSOLUTE
    ../clib/printf.c                         0x00000000   Number         0  __printf.o ABSOLUTE
    ../clib/printf.c                         0x00000000   Number         0  noretval__2printf.o ABSOLUTE
    ../clib/printf.c                         0x00000000   Number         0  _printf_char_file.o ABSOLUTE
    ../clib/printf.c                         0x00000000   Number         0  _printf_intcommon.o ABSOLUTE
    ../clib/printf.c                         0x00000000   Number         0  __printf_ss_wp.o ABSOLUTE
    ../clib/printf.c                         0x00000000   Number         0  __printf_nopercent.o ABSOLUTE
    ../clib/printf.c                         0x00000000   Number         0  _printf_char_common.o ABSOLUTE
    ../clib/printf.c                         0x00000000   Number         0  __2printf.o ABSOLUTE
    ../clib/printf.c                         0x00000000   Number         0  _printf_hex_int_ll_ptr.o ABSOLUTE
    ../clib/printf.c                         0x00000000   Number         0  __printf_ss.o ABSOLUTE
    ../clib/printf.c                         0x00000000   Number         0  __printf_flags.o ABSOLUTE
    ../clib/printf.c                         0x00000000   Number         0  _printf_hex_ll_ptr.o ABSOLUTE
    ../clib/printf.c                         0x00000000   Number         0  _printf_hex_int_ptr.o ABSOLUTE
    ../clib/printf.c                         0x00000000   Number         0  _printf_hex_ptr.o ABSOLUTE
    ../clib/printf_percent.s                 0x00000000   Number         0  _printf_percent_end.o ABSOLUTE
    ../clib/printf_percent.s                 0x00000000   Number         0  _printf_x.o ABSOLUTE
    ../clib/printf_percent.s                 0x00000000   Number         0  _printf_percent.o ABSOLUTE
    ../clib/signal.c                         0x00000000   Number         0  defsig_other.o ABSOLUTE
    ../clib/signal.c                         0x00000000   Number         0  defsig_segv_inner.o ABSOLUTE
    ../clib/signal.c                         0x00000000   Number         0  defsig_cppl_inner.o ABSOLUTE
    ../clib/signal.c                         0x00000000   Number         0  defsig_pvfn_inner.o ABSOLUTE
    ../clib/signal.c                         0x00000000   Number         0  defsig_stak_inner.o ABSOLUTE
    ../clib/signal.c                         0x00000000   Number         0  defsig_rtred_inner.o ABSOLUTE
    ../clib/signal.c                         0x00000000   Number         0  defsig_fpe_inner.o ABSOLUTE
    ../clib/signal.c                         0x00000000   Number         0  defsig_abrt_inner.o ABSOLUTE
    ../clib/signal.c                         0x00000000   Number         0  defsig_general.o ABSOLUTE
    ../clib/signal.c                         0x00000000   Number         0  __raise.o ABSOLUTE
    ../clib/signal.c                         0x00000000   Number         0  defsig_rtmem_inner.o ABSOLUTE
    ../clib/signal.c                         0x00000000   Number         0  defsig_exit.o ABSOLUTE
    ../clib/signal.c                         0x00000000   Number         0  defsig_rtmem_formal.o ABSOLUTE
    ../clib/signal.c                         0x00000000   Number         0  defsig_rtmem_outer.o ABSOLUTE
    ../clib/signal.s                         0x00000000   Number         0  defsig.o ABSOLUTE
    ../clib/stdio.c                          0x00000000   Number         0  ferror.o ABSOLUTE
    ../clib/stdio.c                          0x00000000   Number         0  ferror_locked.o ABSOLUTE
    ../clib/stdlib.c                         0x00000000   Number         0  exit.o ABSOLUTE
    ../fplib/fpinit.s                        0x00000000   Number         0  fpinit.o ABSOLUTE
    ..\..\Driver\Driver_Common.c             0x00000000   Number         0  driver_common.o ABSOLUTE
    ..\..\Driver\stm32f407\CAN\CAN.c         0x00000000   Number         0  can.o ABSOLUTE
    ..\..\Driver\stm32f407\CORE\startup_stm32f40_41xxx.s 0x00000000   Number         0  startup_stm32f40_41xxx.o ABSOLUTE
    ..\..\Driver\stm32f407\FWLIB\src\misc.c  0x00000000   Number         0  misc.o ABSOLUTE
    ..\..\Driver\stm32f407\FWLIB\src\stm32f4xx_adc.c 0x00000000   Number         0  stm32f4xx_adc.o ABSOLUTE
    ..\..\Driver\stm32f407\FWLIB\src\stm32f4xx_can.c 0x00000000   Number         0  stm32f4xx_can.o ABSOLUTE
    ..\..\Driver\stm32f407\FWLIB\src\stm32f4xx_cec.c 0x00000000   Number         0  stm32f4xx_cec.o ABSOLUTE
    ..\..\Driver\stm32f407\FWLIB\src\stm32f4xx_crc.c 0x00000000   Number         0  stm32f4xx_crc.o ABSOLUTE
    ..\..\Driver\stm32f407\FWLIB\src\stm32f4xx_cryp.c 0x00000000   Number         0  stm32f4xx_cryp.o ABSOLUTE
    ..\..\Driver\stm32f407\FWLIB\src\stm32f4xx_cryp_aes.c 0x00000000   Number         0  stm32f4xx_cryp_aes.o ABSOLUTE
    ..\..\Driver\stm32f407\FWLIB\src\stm32f4xx_cryp_des.c 0x00000000   Number         0  stm32f4xx_cryp_des.o ABSOLUTE
    ..\..\Driver\stm32f407\FWLIB\src\stm32f4xx_cryp_tdes.c 0x00000000   Number         0  stm32f4xx_cryp_tdes.o ABSOLUTE
    ..\..\Driver\stm32f407\FWLIB\src\stm32f4xx_dac.c 0x00000000   Number         0  stm32f4xx_dac.o ABSOLUTE
    ..\..\Driver\stm32f407\FWLIB\src\stm32f4xx_dbgmcu.c 0x00000000   Number         0  stm32f4xx_dbgmcu.o ABSOLUTE
    ..\..\Driver\stm32f407\FWLIB\src\stm32f4xx_dcmi.c 0x00000000   Number         0  stm32f4xx_dcmi.o ABSOLUTE
    ..\..\Driver\stm32f407\FWLIB\src\stm32f4xx_dfsdm.c 0x00000000   Number         0  stm32f4xx_dfsdm.o ABSOLUTE
    ..\..\Driver\stm32f407\FWLIB\src\stm32f4xx_dma.c 0x00000000   Number         0  stm32f4xx_dma.o ABSOLUTE
    ..\..\Driver\stm32f407\FWLIB\src\stm32f4xx_dma2d.c 0x00000000   Number         0  stm32f4xx_dma2d.o ABSOLUTE
    ..\..\Driver\stm32f407\FWLIB\src\stm32f4xx_dsi.c 0x00000000   Number         0  stm32f4xx_dsi.o ABSOLUTE
    ..\..\Driver\stm32f407\FWLIB\src\stm32f4xx_exti.c 0x00000000   Number         0  stm32f4xx_exti.o ABSOLUTE
    ..\..\Driver\stm32f407\FWLIB\src\stm32f4xx_flash.c 0x00000000   Number         0  stm32f4xx_flash.o ABSOLUTE
    ..\..\Driver\stm32f407\FWLIB\src\stm32f4xx_flash_ramfunc.c 0x00000000   Number         0  stm32f4xx_flash_ramfunc.o ABSOLUTE
    ..\..\Driver\stm32f407\FWLIB\src\stm32f4xx_fmpi2c.c 0x00000000   Number         0  stm32f4xx_fmpi2c.o ABSOLUTE
    ..\..\Driver\stm32f407\FWLIB\src\stm32f4xx_fsmc.c 0x00000000   Number         0  stm32f4xx_fsmc.o ABSOLUTE
    ..\..\Driver\stm32f407\FWLIB\src\stm32f4xx_gpio.c 0x00000000   Number         0  stm32f4xx_gpio.o ABSOLUTE
    ..\..\Driver\stm32f407\FWLIB\src\stm32f4xx_hash.c 0x00000000   Number         0  stm32f4xx_hash.o ABSOLUTE
    ..\..\Driver\stm32f407\FWLIB\src\stm32f4xx_hash_md5.c 0x00000000   Number         0  stm32f4xx_hash_md5.o ABSOLUTE
    ..\..\Driver\stm32f407\FWLIB\src\stm32f4xx_hash_sha1.c 0x00000000   Number         0  stm32f4xx_hash_sha1.o ABSOLUTE
    ..\..\Driver\stm32f407\FWLIB\src\stm32f4xx_i2c.c 0x00000000   Number         0  stm32f4xx_i2c.o ABSOLUTE
    ..\..\Driver\stm32f407\FWLIB\src\stm32f4xx_iwdg.c 0x00000000   Number         0  stm32f4xx_iwdg.o ABSOLUTE
    ..\..\Driver\stm32f407\FWLIB\src\stm32f4xx_lptim.c 0x00000000   Number         0  stm32f4xx_lptim.o ABSOLUTE
    ..\..\Driver\stm32f407\FWLIB\src\stm32f4xx_ltdc.c 0x00000000   Number         0  stm32f4xx_ltdc.o ABSOLUTE
    ..\..\Driver\stm32f407\FWLIB\src\stm32f4xx_pwr.c 0x00000000   Number         0  stm32f4xx_pwr.o ABSOLUTE
    ..\..\Driver\stm32f407\FWLIB\src\stm32f4xx_qspi.c 0x00000000   Number         0  stm32f4xx_qspi.o ABSOLUTE
    ..\..\Driver\stm32f407\FWLIB\src\stm32f4xx_rcc.c 0x00000000   Number         0  stm32f4xx_rcc.o ABSOLUTE
    ..\..\Driver\stm32f407\FWLIB\src\stm32f4xx_rng.c 0x00000000   Number         0  stm32f4xx_rng.o ABSOLUTE
    ..\..\Driver\stm32f407\FWLIB\src\stm32f4xx_rtc.c 0x00000000   Number         0  stm32f4xx_rtc.o ABSOLUTE
    ..\..\Driver\stm32f407\FWLIB\src\stm32f4xx_sai.c 0x00000000   Number         0  stm32f4xx_sai.o ABSOLUTE
    ..\..\Driver\stm32f407\FWLIB\src\stm32f4xx_sdio.c 0x00000000   Number         0  stm32f4xx_sdio.o ABSOLUTE
    ..\..\Driver\stm32f407\FWLIB\src\stm32f4xx_spdifrx.c 0x00000000   Number         0  stm32f4xx_spdifrx.o ABSOLUTE
    ..\..\Driver\stm32f407\FWLIB\src\stm32f4xx_spi.c 0x00000000   Number         0  stm32f4xx_spi.o ABSOLUTE
    ..\..\Driver\stm32f407\FWLIB\src\stm32f4xx_syscfg.c 0x00000000   Number         0  stm32f4xx_syscfg.o ABSOLUTE
    ..\..\Driver\stm32f407\FWLIB\src\stm32f4xx_tim.c 0x00000000   Number         0  stm32f4xx_tim.o ABSOLUTE
    ..\..\Driver\stm32f407\FWLIB\src\stm32f4xx_usart.c 0x00000000   Number         0  stm32f4xx_usart.o ABSOLUTE
    ..\..\Driver\stm32f407\FWLIB\src\stm32f4xx_wwdg.c 0x00000000   Number         0  stm32f4xx_wwdg.o ABSOLUTE
    ..\..\Driver\stm32f407\SYSTEM\delay.c    0x00000000   Number         0  delay.o ABSOLUTE
    ..\..\Driver\stm32f407\SYSTEM\sys.c      0x00000000   Number         0  sys.o ABSOLUTE
    ..\..\Driver\stm32f407\SYSTEM\usart.c    0x00000000   Number         0  usart.o ABSOLUTE
    ..\..\Driver\stm32f407\Timer\Timer.c     0x00000000   Number         0  timer.o ABSOLUTE
    ..\..\Driver\stm32f407\USER\stm32f4xx_it.c 0x00000000   Number         0  stm32f4xx_it.o ABSOLUTE
    ..\..\Driver\stm32f407\USER\system_stm32f4xx.c 0x00000000   Number         0  system_stm32f4xx.o ABSOLUTE
    ..\..\OsekNM_core\OsekNM.c               0x00000000   Number         0  oseknm.o ABSOLUTE
    ..\..\OsekNM_core\OsekNMServer.c         0x00000000   Number         0  oseknmserver.o ABSOLUTE
    ..\Test.c                                0x00000000   Number         0  test.o ABSOLUTE
    ..\\..\\Driver\\Driver_Common.c          0x00000000   Number         0  driver_common.o ABSOLUTE
    ..\\..\\Driver\\stm32f407\\CAN\\CAN.c    0x00000000   Number         0  can.o ABSOLUTE
    ..\\..\\Driver\\stm32f407\\FWLIB\\src\\misc.c 0x00000000   Number         0  misc.o ABSOLUTE
    ..\\..\\Driver\\stm32f407\\FWLIB\\src\\stm32f4xx_adc.c 0x00000000   Number         0  stm32f4xx_adc.o ABSOLUTE
    ..\\..\\Driver\\stm32f407\\FWLIB\\src\\stm32f4xx_can.c 0x00000000   Number         0  stm32f4xx_can.o ABSOLUTE
    ..\\..\\Driver\\stm32f407\\FWLIB\\src\\stm32f4xx_cec.c 0x00000000   Number         0  stm32f4xx_cec.o ABSOLUTE
    ..\\..\\Driver\\stm32f407\\FWLIB\\src\\stm32f4xx_crc.c 0x00000000   Number         0  stm32f4xx_crc.o ABSOLUTE
    ..\\..\\Driver\\stm32f407\\FWLIB\\src\\stm32f4xx_cryp.c 0x00000000   Number         0  stm32f4xx_cryp.o ABSOLUTE
    ..\\..\\Driver\\stm32f407\\FWLIB\\src\\stm32f4xx_cryp_aes.c 0x00000000   Number         0  stm32f4xx_cryp_aes.o ABSOLUTE
    ..\\..\\Driver\\stm32f407\\FWLIB\\src\\stm32f4xx_cryp_des.c 0x00000000   Number         0  stm32f4xx_cryp_des.o ABSOLUTE
    ..\\..\\Driver\\stm32f407\\FWLIB\\src\\stm32f4xx_cryp_tdes.c 0x00000000   Number         0  stm32f4xx_cryp_tdes.o ABSOLUTE
    ..\\..\\Driver\\stm32f407\\FWLIB\\src\\stm32f4xx_dac.c 0x00000000   Number         0  stm32f4xx_dac.o ABSOLUTE
    ..\\..\\Driver\\stm32f407\\FWLIB\\src\\stm32f4xx_dbgmcu.c 0x00000000   Number         0  stm32f4xx_dbgmcu.o ABSOLUTE
    ..\\..\\Driver\\stm32f407\\FWLIB\\src\\stm32f4xx_dcmi.c 0x00000000   Number         0  stm32f4xx_dcmi.o ABSOLUTE
    ..\\..\\Driver\\stm32f407\\FWLIB\\src\\stm32f4xx_dfsdm.c 0x00000000   Number         0  stm32f4xx_dfsdm.o ABSOLUTE
    ..\\..\\Driver\\stm32f407\\FWLIB\\src\\stm32f4xx_dma.c 0x00000000   Number         0  stm32f4xx_dma.o ABSOLUTE
    ..\\..\\Driver\\stm32f407\\FWLIB\\src\\stm32f4xx_dma2d.c 0x00000000   Number         0  stm32f4xx_dma2d.o ABSOLUTE
    ..\\..\\Driver\\stm32f407\\FWLIB\\src\\stm32f4xx_dsi.c 0x00000000   Number         0  stm32f4xx_dsi.o ABSOLUTE
    ..\\..\\Driver\\stm32f407\\FWLIB\\src\\stm32f4xx_exti.c 0x00000000   Number         0  stm32f4xx_exti.o ABSOLUTE
    ..\\..\\Driver\\stm32f407\\FWLIB\\src\\stm32f4xx_flash.c 0x00000000   Number         0  stm32f4xx_flash.o ABSOLUTE
    ..\\..\\Driver\\stm32f407\\FWLIB\\src\\stm32f4xx_flash_ramfunc.c 0x00000000   Number         0  stm32f4xx_flash_ramfunc.o ABSOLUTE
    ..\\..\\Driver\\stm32f407\\FWLIB\\src\\stm32f4xx_fmpi2c.c 0x00000000   Number         0  stm32f4xx_fmpi2c.o ABSOLUTE
    ..\\..\\Driver\\stm32f407\\FWLIB\\src\\stm32f4xx_fsmc.c 0x00000000   Number         0  stm32f4xx_fsmc.o ABSOLUTE
    ..\\..\\Driver\\stm32f407\\FWLIB\\src\\stm32f4xx_gpio.c 0x00000000   Number         0  stm32f4xx_gpio.o ABSOLUTE
    ..\\..\\Driver\\stm32f407\\FWLIB\\src\\stm32f4xx_hash.c 0x00000000   Number         0  stm32f4xx_hash.o ABSOLUTE
    ..\\..\\Driver\\stm32f407\\FWLIB\\src\\stm32f4xx_hash_md5.c 0x00000000   Number         0  stm32f4xx_hash_md5.o ABSOLUTE
    ..\\..\\Driver\\stm32f407\\FWLIB\\src\\stm32f4xx_hash_sha1.c 0x00000000   Number         0  stm32f4xx_hash_sha1.o ABSOLUTE
    ..\\..\\Driver\\stm32f407\\FWLIB\\src\\stm32f4xx_i2c.c 0x00000000   Number         0  stm32f4xx_i2c.o ABSOLUTE
    ..\\..\\Driver\\stm32f407\\FWLIB\\src\\stm32f4xx_iwdg.c 0x00000000   Number         0  stm32f4xx_iwdg.o ABSOLUTE
    ..\\..\\Driver\\stm32f407\\FWLIB\\src\\stm32f4xx_lptim.c 0x00000000   Number         0  stm32f4xx_lptim.o ABSOLUTE
    ..\\..\\Driver\\stm32f407\\FWLIB\\src\\stm32f4xx_ltdc.c 0x00000000   Number         0  stm32f4xx_ltdc.o ABSOLUTE
    ..\\..\\Driver\\stm32f407\\FWLIB\\src\\stm32f4xx_pwr.c 0x00000000   Number         0  stm32f4xx_pwr.o ABSOLUTE
    ..\\..\\Driver\\stm32f407\\FWLIB\\src\\stm32f4xx_qspi.c 0x00000000   Number         0  stm32f4xx_qspi.o ABSOLUTE
    ..\\..\\Driver\\stm32f407\\FWLIB\\src\\stm32f4xx_rcc.c 0x00000000   Number         0  stm32f4xx_rcc.o ABSOLUTE
    ..\\..\\Driver\\stm32f407\\FWLIB\\src\\stm32f4xx_rng.c 0x00000000   Number         0  stm32f4xx_rng.o ABSOLUTE
    ..\\..\\Driver\\stm32f407\\FWLIB\\src\\stm32f4xx_rtc.c 0x00000000   Number         0  stm32f4xx_rtc.o ABSOLUTE
    ..\\..\\Driver\\stm32f407\\FWLIB\\src\\stm32f4xx_sai.c 0x00000000   Number         0  stm32f4xx_sai.o ABSOLUTE
    ..\\..\\Driver\\stm32f407\\FWLIB\\src\\stm32f4xx_sdio.c 0x00000000   Number         0  stm32f4xx_sdio.o ABSOLUTE
    ..\\..\\Driver\\stm32f407\\FWLIB\\src\\stm32f4xx_spdifrx.c 0x00000000   Number         0  stm32f4xx_spdifrx.o ABSOLUTE
    ..\\..\\Driver\\stm32f407\\FWLIB\\src\\stm32f4xx_spi.c 0x00000000   Number         0  stm32f4xx_spi.o ABSOLUTE
    ..\\..\\Driver\\stm32f407\\FWLIB\\src\\stm32f4xx_syscfg.c 0x00000000   Number         0  stm32f4xx_syscfg.o ABSOLUTE
    ..\\..\\Driver\\stm32f407\\FWLIB\\src\\stm32f4xx_tim.c 0x00000000   Number         0  stm32f4xx_tim.o ABSOLUTE
    ..\\..\\Driver\\stm32f407\\FWLIB\\src\\stm32f4xx_usart.c 0x00000000   Number         0  stm32f4xx_usart.o ABSOLUTE
    ..\\..\\Driver\\stm32f407\\FWLIB\\src\\stm32f4xx_wwdg.c 0x00000000   Number         0  stm32f4xx_wwdg.o ABSOLUTE
    ..\\..\\Driver\\stm32f407\\SYSTEM\\delay.c 0x00000000   Number         0  delay.o ABSOLUTE
    ..\\..\\Driver\\stm32f407\\SYSTEM\\sys.c 0x00000000   Number         0  sys.o ABSOLUTE
    ..\\..\\Driver\\stm32f407\\SYSTEM\\usart.c 0x00000000   Number         0  usart.o ABSOLUTE
    ..\\..\\Driver\\stm32f407\\Timer\\Timer.c 0x00000000   Number         0  timer.o ABSOLUTE
    ..\\..\\Driver\\stm32f407\\USER\\stm32f4xx_it.c 0x00000000   Number         0  stm32f4xx_it.o ABSOLUTE
    ..\\..\\Driver\\stm32f407\\USER\\system_stm32f4xx.c 0x00000000   Number         0  system_stm32f4xx.o ABSOLUTE
    ..\\..\\OsekNM_core\\OsekNM.c            0x00000000   Number         0  oseknm.o ABSOLUTE
    ..\\Test.c                               0x00000000   Number         0  test.o ABSOLUTE
    dc.s                                     0x00000000   Number         0  dc.o ABSOLUTE
    RESET                                    0x08000000   Section      392  startup_stm32f40_41xxx.o(RESET)
    !!!main                                  0x08000188   Section        8  __main.o(!!!main)
    !!!scatter                               0x08000190   Section       52  __scatter.o(!!!scatter)
    !!handler_copy                           0x080001c4   Section       26  __scatter_copy.o(!!handler_copy)
    !!handler_zi                             0x080001e0   Section       28  __scatter_zi.o(!!handler_zi)
    .ARM.Collect$$_printf_percent$$00000000  0x080001fc   Section        0  _printf_percent.o(.ARM.Collect$$_printf_percent$$00000000)
    .ARM.Collect$$_printf_percent$$0000000C  0x080001fc   Section        6  _printf_x.o(.ARM.Collect$$_printf_percent$$0000000C)
    .ARM.Collect$$_printf_percent$$00000017  0x08000202   Section        4  _printf_percent_end.o(.ARM.Collect$$_printf_percent$$00000017)
    .ARM.Collect$$libinit$$00000000          0x08000206   Section        2  libinit.o(.ARM.Collect$$libinit$$00000000)
    .ARM.Collect$$libinit$$00000001          0x08000208   Section        4  libinit2.o(.ARM.Collect$$libinit$$00000001)
    .ARM.Collect$$libinit$$00000004          0x0800020c   Section        0  libinit2.o(.ARM.Collect$$libinit$$00000004)
    .ARM.Collect$$libinit$$0000000A          0x0800020c   Section        0  libinit2.o(.ARM.Collect$$libinit$$0000000A)
    .ARM.Collect$$libinit$$0000000C          0x0800020c   Section        0  libinit2.o(.ARM.Collect$$libinit$$0000000C)
    .ARM.Collect$$libinit$$0000000E          0x0800020c   Section        0  libinit2.o(.ARM.Collect$$libinit$$0000000E)
    .ARM.Collect$$libinit$$00000011          0x0800020c   Section        0  libinit2.o(.ARM.Collect$$libinit$$00000011)
    .ARM.Collect$$libinit$$00000013          0x0800020c   Section        0  libinit2.o(.ARM.Collect$$libinit$$00000013)
    .ARM.Collect$$libinit$$00000015          0x0800020c   Section        0  libinit2.o(.ARM.Collect$$libinit$$00000015)
    .ARM.Collect$$libinit$$00000017          0x0800020c   Section        0  libinit2.o(.ARM.Collect$$libinit$$00000017)
    .ARM.Collect$$libinit$$00000019          0x0800020c   Section        0  libinit2.o(.ARM.Collect$$libinit$$00000019)
    .ARM.Collect$$libinit$$0000001B          0x0800020c   Section        0  libinit2.o(.ARM.Collect$$libinit$$0000001B)
    .ARM.Collect$$libinit$$0000001D          0x0800020c   Section        0  libinit2.o(.ARM.Collect$$libinit$$0000001D)
    .ARM.Collect$$libinit$$0000001F          0x0800020c   Section        0  libinit2.o(.ARM.Collect$$libinit$$0000001F)
    .ARM.Collect$$libinit$$00000021          0x0800020c   Section        0  libinit2.o(.ARM.Collect$$libinit$$00000021)
    .ARM.Collect$$libinit$$00000023          0x0800020c   Section        0  libinit2.o(.ARM.Collect$$libinit$$00000023)
    .ARM.Collect$$libinit$$00000025          0x0800020c   Section        0  libinit2.o(.ARM.Collect$$libinit$$00000025)
    .ARM.Collect$$libinit$$0000002C          0x0800020c   Section        0  libinit2.o(.ARM.Collect$$libinit$$0000002C)
    .ARM.Collect$$libinit$$0000002E          0x0800020c   Section        0  libinit2.o(.ARM.Collect$$libinit$$0000002E)
    .ARM.Collect$$libinit$$00000030          0x0800020c   Section        0  libinit2.o(.ARM.Collect$$libinit$$00000030)
    .ARM.Collect$$libinit$$00000032          0x0800020c   Section        0  libinit2.o(.ARM.Collect$$libinit$$00000032)
    .ARM.Collect$$libinit$$00000033          0x0800020c   Section        2  libinit2.o(.ARM.Collect$$libinit$$00000033)
    .ARM.Collect$$libshutdown$$00000000      0x0800020e   Section        2  libshutdown.o(.ARM.Collect$$libshutdown$$00000000)
    .ARM.Collect$$libshutdown$$00000002      0x08000210   Section        0  libshutdown2.o(.ARM.Collect$$libshutdown$$00000002)
    .ARM.Collect$$libshutdown$$00000004      0x08000210   Section        0  libshutdown2.o(.ARM.Collect$$libshutdown$$00000004)
    .ARM.Collect$$libshutdown$$00000007      0x08000210   Section        0  libshutdown2.o(.ARM.Collect$$libshutdown$$00000007)
    .ARM.Collect$$libshutdown$$0000000A      0x08000210   Section        0  libshutdown2.o(.ARM.Collect$$libshutdown$$0000000A)
    .ARM.Collect$$libshutdown$$0000000C      0x08000210   Section        0  libshutdown2.o(.ARM.Collect$$libshutdown$$0000000C)
    .ARM.Collect$$libshutdown$$0000000F      0x08000210   Section        0  libshutdown2.o(.ARM.Collect$$libshutdown$$0000000F)
    .ARM.Collect$$libshutdown$$00000010      0x08000210   Section        2  libshutdown2.o(.ARM.Collect$$libshutdown$$00000010)
    .ARM.Collect$$rtentry$$00000000          0x08000212   Section        0  __rtentry.o(.ARM.Collect$$rtentry$$00000000)
    .ARM.Collect$$rtentry$$00000002          0x08000212   Section        0  __rtentry2.o(.ARM.Collect$$rtentry$$00000002)
    .ARM.Collect$$rtentry$$00000004          0x08000212   Section        6  __rtentry4.o(.ARM.Collect$$rtentry$$00000004)
    .ARM.Collect$$rtentry$$00000009          0x08000218   Section        0  __rtentry2.o(.ARM.Collect$$rtentry$$00000009)
    .ARM.Collect$$rtentry$$0000000A          0x08000218   Section        4  __rtentry2.o(.ARM.Collect$$rtentry$$0000000A)
    .ARM.Collect$$rtentry$$0000000C          0x0800021c   Section        0  __rtentry2.o(.ARM.Collect$$rtentry$$0000000C)
    .ARM.Collect$$rtentry$$0000000D          0x0800021c   Section        8  __rtentry2.o(.ARM.Collect$$rtentry$$0000000D)
    .ARM.Collect$$rtexit$$00000000           0x08000224   Section        2  rtexit.o(.ARM.Collect$$rtexit$$00000000)
    .ARM.Collect$$rtexit$$00000002           0x08000226   Section        0  rtexit2.o(.ARM.Collect$$rtexit$$00000002)
    .ARM.Collect$$rtexit$$00000003           0x08000226   Section        4  rtexit2.o(.ARM.Collect$$rtexit$$00000003)
    .ARM.Collect$$rtexit$$00000004           0x0800022a   Section        6  rtexit2.o(.ARM.Collect$$rtexit$$00000004)
    .text                                    0x08000230   Section       64  startup_stm32f40_41xxx.o(.text)
    $v0                                      0x08000230   Number         0  startup_stm32f40_41xxx.o(.text)
    .text                                    0x08000270   Section        2  use_no_semi_2.o(.text)
    .text                                    0x08000274   Section        0  noretval__2printf.o(.text)
    .text                                    0x0800028c   Section        0  _printf_pad.o(.text)
    .text                                    0x080002dc   Section        0  _printf_hex_int.o(.text)
    .text                                    0x08000334   Section        0  __printf_flags_ss_wp.o(.text)
    .text                                    0x080004bc   Section        0  heapauxi.o(.text)
    .text                                    0x080004c2   Section        2  use_no_semi.o(.text)
    .text                                    0x080004c4   Section        0  _printf_intcommon.o(.text)
    .text                                    0x08000578   Section        0  _printf_char_file.o(.text)
    .text                                    0x0800059c   Section        0  _printf_char_common.o(.text)
    _printf_input_char                       0x0800059d   Thumb Code    10  _printf_char_common.o(.text)
    .text                                    0x080005cc   Section        0  ferror.o(.text)
    .text                                    0x080005d4   Section       74  sys_stackheap_outer.o(.text)
    .text                                    0x0800061e   Section        0  exit.o(.text)
    .text                                    0x08000630   Section        8  libspace.o(.text)
    i.BusFault_Handler                       0x08000638   Section        0  stm32f4xx_it.o(i.BusFault_Handler)
    i.CAN1_RX0_IRQHandler                    0x0800063c   Section        0  can.o(i.CAN1_RX0_IRQHandler)
    i.CAN_FilterInit                         0x08000688   Section        0  stm32f4xx_can.o(i.CAN_FilterInit)
    i.CAN_ITConfig                           0x08000790   Section        0  stm32f4xx_can.o(i.CAN_ITConfig)
    i.CAN_Init                               0x080007a2   Section        0  stm32f4xx_can.o(i.CAN_Init)
    i.CAN_Receive                            0x080008b6   Section        0  stm32f4xx_can.o(i.CAN_Receive)
    i.CAN_Transmit                           0x080009a6   Section        0  stm32f4xx_can.o(i.CAN_Transmit)
    i.CAN_TransmitStatus                     0x08000acc   Section        0  stm32f4xx_can.o(i.CAN_TransmitStatus)
    i.CancelAlarm                            0x08000b6c   Section        0  driver_common.o(i.CancelAlarm)
    i.ClcTimerOutFlag                        0x08000bf0   Section        0  driver_common.o(i.ClcTimerOutFlag)
    i.ClearFIFO                              0x08000c34   Section        0  driver_common.o(i.ClearFIFO)
    i.DebugMon_Handler                       0x08000c54   Section        0  stm32f4xx_it.o(i.DebugMon_Handler)
    i.EnsureLogicSuccessor                   0x08000c58   Section        0  oseknm.o(i.EnsureLogicSuccessor)
    EnsureLogicSuccessor                     0x08000c59   Thumb Code    46  oseknm.o(i.EnsureLogicSuccessor)
    i.FineLimpHomeNode                       0x08000c8c   Section        0  oseknm.o(i.FineLimpHomeNode)
    FineLimpHomeNode                         0x08000c8d   Thumb Code    40  oseknm.o(i.FineLimpHomeNode)
    i.FinePresentNode                        0x08000cb8   Section        0  oseknm.o(i.FinePresentNode)
    FinePresentNode                          0x08000cb9   Thumb Code    40  oseknm.o(i.FinePresentNode)
    i.GPIO_Init                              0x08000ce4   Section        0  stm32f4xx_gpio.o(i.GPIO_Init)
    i.GPIO_PinAFConfig                       0x08000d74   Section        0  stm32f4xx_gpio.o(i.GPIO_PinAFConfig)
    i.GetFromFIFO                            0x08000dbc   Section        0  driver_common.o(i.GetFromFIFO)
    i.GetTimerIsOut                          0x08000e90   Section        0  driver_common.o(i.GetTimerIsOut)
    i.HardFault_Handler                      0x08000ed0   Section        0  stm32f4xx_it.o(i.HardFault_Handler)
    i.InitNMPDU                              0x08000ed4   Section        0  driver_common.o(i.InitNMPDU)
    i.InitPlatform                           0x08000eec   Section        0  driver_common.o(i.InitPlatform)
    i.IsSkiped                               0x08000f24   Section        0  oseknm.o(i.IsSkiped)
    IsSkiped                                 0x08000f25   Thumb Code    54  oseknm.o(i.IsSkiped)
    i.MemManage_Handler                      0x08000f60   Section        0  stm32f4xx_it.o(i.MemManage_Handler)
    i.NMBusSleep                             0x08000f64   Section        0  oseknm.o(i.NMBusSleep)
    NMBusSleep                               0x08000f65   Thumb Code   108  oseknm.o(i.NMBusSleep)
    i.NMI_Handler                            0x08000ff0   Section        0  stm32f4xx_it.o(i.NMI_Handler)
    i.NMInit                                 0x08000ff4   Section        0  oseknm.o(i.NMInit)
    NMInit                                   0x08000ff5   Thumb Code   234  oseknm.o(i.NMInit)
    i.NMLimpHome                             0x08001104   Section        0  oseknm.o(i.NMLimpHome)
    NMLimpHome                               0x08001105   Thumb Code   578  oseknm.o(i.NMLimpHome)
    i.NMLimpHomePrepSleep                    0x080013ac   Section        0  oseknm.o(i.NMLimpHomePrepSleep)
    NMLimpHomePrepSleep                      0x080013ad   Thumb Code   154  oseknm.o(i.NMLimpHomePrepSleep)
    i.NMNormal                               0x08001478   Section        0  oseknm.o(i.NMNormal)
    NMNormal                                 0x08001479   Thumb Code   482  oseknm.o(i.NMNormal)
    i.NMNormalPrepSleep                      0x08001690   Section        0  oseknm.o(i.NMNormalPrepSleep)
    NMNormalPrepSleep                        0x08001691   Thumb Code   312  oseknm.o(i.NMNormalPrepSleep)
    i.NMReset                                0x080017fc   Section        0  oseknm.o(i.NMReset)
    NMReset                                  0x080017fd   Thumb Code   192  oseknm.o(i.NMReset)
    i.NMStateManage                          0x080018e8   Section        0  oseknm.o(i.NMStateManage)
    i.NMTwbsLimpHome                         0x08001940   Section        0  oseknm.o(i.NMTwbsLimpHome)
    NMTwbsLimpHome                           0x08001941   Thumb Code   156  oseknm.o(i.NMTwbsLimpHome)
    i.NMTwbsNormal                           0x08001a04   Section        0  oseknm.o(i.NMTwbsNormal)
    NMTwbsNormal                             0x08001a05   Thumb Code   128  oseknm.o(i.NMTwbsNormal)
    i.NVIC_Init                              0x08001aa8   Section        0  misc.o(i.NVIC_Init)
    i.NVIC_PriorityGroupConfig               0x08001b20   Section        0  misc.o(i.NVIC_PriorityGroupConfig)
    i.NormalStandardNM                       0x08001b34   Section        0  oseknm.o(i.NormalStandardNM)
    NormalStandardNM                         0x08001b35   Thumb Code   284  oseknm.o(i.NormalStandardNM)
    i.PendSV_Handler                         0x08001c60   Section        0  stm32f4xx_it.o(i.PendSV_Handler)
    i.RCC_AHB1PeriphClockCmd                 0x08001c64   Section        0  stm32f4xx_rcc.o(i.RCC_AHB1PeriphClockCmd)
    i.RCC_APB1PeriphClockCmd                 0x08001c84   Section        0  stm32f4xx_rcc.o(i.RCC_APB1PeriphClockCmd)
    i.RCC_APB2PeriphClockCmd                 0x08001ca4   Section        0  stm32f4xx_rcc.o(i.RCC_APB2PeriphClockCmd)
    i.RCC_GetClocksFreq                      0x08001cc4   Section        0  stm32f4xx_rcc.o(i.RCC_GetClocksFreq)
    i.Recv_EveryMessage                      0x08001dac   Section        0  driver_common.o(i.Recv_EveryMessage)
    i.STM32_CAN1_Init                        0x08001dd8   Section        0  can.o(i.STM32_CAN1_Init)
    i.STM32_TX_CAN_Transmit                  0x08001ed8   Section        0  can.o(i.STM32_TX_CAN_Transmit)
    i.SVC_Handler                            0x08001f50   Section        0  stm32f4xx_it.o(i.SVC_Handler)
    i.SetAlarm                               0x08001f54   Section        0  driver_common.o(i.SetAlarm)
    i.SetSysClock                            0x08001ff4   Section        0  system_stm32f4xx.o(i.SetSysClock)
    SetSysClock                              0x08001ff5   Thumb Code   220  system_stm32f4xx.o(i.SetSysClock)
    i.SetToFIFO                              0x080020e0   Section        0  driver_common.o(i.SetToFIFO)
    i.StartNM                                0x08002150   Section        0  oseknmserver.o(i.StartNM)
    i.Stm32Timer3Init                        0x08002170   Section        0  timer.o(i.Stm32Timer3Init)
    i.Stm32Timer3ShutDown                    0x080021d0   Section        0  timer.o(i.Stm32Timer3ShutDown)
    i.SysTick_CLKSourceConfig                0x080021dc   Section        0  misc.o(i.SysTick_CLKSourceConfig)
    i.SysTick_Handler                        0x08002204   Section        0  stm32f4xx_it.o(i.SysTick_Handler)
    i.SystemInit                             0x08002208   Section        0  system_stm32f4xx.o(i.SystemInit)
    i.TIM3_IRQHandler                        0x08002270   Section        0  timer.o(i.TIM3_IRQHandler)
    i.TIM_ClearITPendingBit                  0x08002290   Section        0  stm32f4xx_tim.o(i.TIM_ClearITPendingBit)
    i.TIM_Cmd                                0x08002296   Section        0  stm32f4xx_tim.o(i.TIM_Cmd)
    i.TIM_GetITStatus                        0x080022ae   Section        0  stm32f4xx_tim.o(i.TIM_GetITStatus)
    i.TIM_ITConfig                           0x080022d0   Section        0  stm32f4xx_tim.o(i.TIM_ITConfig)
    i.TIM_TimeBaseInit                       0x080022e4   Section        0  stm32f4xx_tim.o(i.TIM_TimeBaseInit)
    i.TX_CAN_Transmit                        0x08002368   Section        0  driver_common.o(i.TX_CAN_Transmit)
    i.Timer10                                0x08002378   Section        0  driver_common.o(i.Timer10)
    i.TimerOutTERROR                         0x08002458   Section        0  driver_common.o(i.TimerOutTERROR)
    TimerOutTERROR                           0x08002459   Thumb Code     8  driver_common.o(i.TimerOutTERROR)
    i.TimerOutTMAX                           0x08002464   Section        0  driver_common.o(i.TimerOutTMAX)
    TimerOutTMAX                             0x08002465   Thumb Code     8  driver_common.o(i.TimerOutTMAX)
    i.TimerOutTTYP                           0x08002470   Section        0  driver_common.o(i.TimerOutTTYP)
    TimerOutTTYP                             0x08002471   Thumb Code     8  driver_common.o(i.TimerOutTTYP)
    i.TimerOutTWBS                           0x0800247c   Section        0  driver_common.o(i.TimerOutTWBS)
    TimerOutTWBS                             0x0800247d   Thumb Code     8  driver_common.o(i.TimerOutTWBS)
    i.USART1_IRQHandler                      0x08002488   Section        0  usart.o(i.USART1_IRQHandler)
    i.USART_Cmd                              0x08002510   Section        0  stm32f4xx_usart.o(i.USART_Cmd)
    i.USART_GetITStatus                      0x08002528   Section        0  stm32f4xx_usart.o(i.USART_GetITStatus)
    i.USART_ITConfig                         0x0800257c   Section        0  stm32f4xx_usart.o(i.USART_ITConfig)
    i.USART_Init                             0x080025c8   Section        0  stm32f4xx_usart.o(i.USART_Init)
    i.USART_ReceiveData                      0x0800269c   Section        0  stm32f4xx_usart.o(i.USART_ReceiveData)
    i.UsageFault_Handler                     0x080026a6   Section        0  stm32f4xx_it.o(i.UsageFault_Handler)
    i._is_digit                              0x080026aa   Section        0  __printf_wp.o(i._is_digit)
    i._sys_exit                              0x080026b8   Section        0  usart.o(i._sys_exit)
    i.delay_init                             0x080026bc   Section        0  delay.o(i.delay_init)
    i.delay_ms                               0x080026f8   Section        0  delay.o(i.delay_ms)
    i.delay_xms                              0x08002730   Section        0  delay.o(i.delay_xms)
    i.fputc                                  0x0800277c   Section        0  usart.o(i.fputc)
    i.main                                   0x08002798   Section        0  test.o(i.main)
    i.uart_init                              0x080027cc   Section        0  usart.o(i.uart_init)
    x$fpl$fpinit                             0x08002878   Section       10  fpinit.o(x$fpl$fpinit)
    $v0                                      0x08002878   Number         0  fpinit.o(x$fpl$fpinit)
    .constdata                               0x08002882   Section       40  _printf_hex_int.o(.constdata)
    uc_hextab                                0x08002882   Data          20  _printf_hex_int.o(.constdata)
    lc_hextab                                0x08002896   Data          20  _printf_hex_int.o(.constdata)
    .constdata                               0x080028aa   Section       17  __printf_flags_ss_wp.o(.constdata)
    maptable                                 0x080028aa   Data          17  __printf_flags_ss_wp.o(.constdata)
    .data                                    0x20000000   Section       12  oseknm.o(.data)
    NMTXCount                                0x20000003   Data           1  oseknm.o(.data)
    NMRXCount                                0x20000004   Data           1  oseknm.o(.data)
    NMTidTTYP                                0x20000005   Data           1  oseknm.o(.data)
    NMTidTMAX                                0x20000006   Data           1  oseknm.o(.data)
    NMTidTError                              0x20000007   Data           1  oseknm.o(.data)
    NMTidTWBS                                0x20000008   Data           1  oseknm.o(.data)
    .data                                    0x2000000c   Section       16  stm32f4xx_rcc.o(.data)
    APBAHBPrescTable                         0x2000000c   Data          16  stm32f4xx_rcc.o(.data)
    .data                                    0x2000001c   Section        4  delay.o(.data)
    fac_us                                   0x2000001c   Data           1  delay.o(.data)
    fac_ms                                   0x2000001e   Data           2  delay.o(.data)
    .data                                    0x20000020   Section        6  usart.o(.data)
    .data                                    0x20000028   Section       36  driver_common.o(.data)
    SetAlarm_TTYP                            0x20000028   Data           1  driver_common.o(.data)
    SetAlarm_TMAX                            0x20000029   Data           1  driver_common.o(.data)
    SetAlarm_TERROR                          0x2000002a   Data           1  driver_common.o(.data)
    SetAlarm_TWBS                            0x2000002b   Data           1  driver_common.o(.data)
    TTYP_Count                               0x2000002c   Data           4  driver_common.o(.data)
    TMAX_Count                               0x20000030   Data           4  driver_common.o(.data)
    TERROR_Count                             0x20000034   Data           4  driver_common.o(.data)
    TWBS_Count                               0x20000038   Data           4  driver_common.o(.data)
    TimerOutFlag_TTYP                        0x2000003c   Data           4  driver_common.o(.data)
    TimerOutFlag_TMAX                        0x20000040   Data           4  driver_common.o(.data)
    TimerOutFlag_TERROR                      0x20000044   Data           4  driver_common.o(.data)
    TimerOutFlag_TWBS                        0x20000048   Data           4  driver_common.o(.data)
    .bss                                     0x2000004c   Section       96  oseknm.o(.bss)
    .bss                                     0x200000ac   Section      200  usart.o(.bss)
    .bss                                     0x20000174   Section      260  driver_common.o(.bss)
    RecvFIFO                                 0x20000174   Data         260  driver_common.o(.bss)
    .bss                                     0x20000278   Section       96  libspace.o(.bss)
    HEAP                                     0x200002d8   Section      512  startup_stm32f40_41xxx.o(HEAP)
    Heap_Mem                                 0x200002d8   Data         512  startup_stm32f40_41xxx.o(HEAP)
    STACK                                    0x200004d8   Section     1024  startup_stm32f40_41xxx.o(STACK)
    Stack_Mem                                0x200004d8   Data        1024  startup_stm32f40_41xxx.o(STACK)
    __initial_sp                             0x200008d8   Data           0  startup_stm32f40_41xxx.o(STACK)

    Global Symbols

    Symbol Name                              Value     Ov Type        Size  Object(Section)

    BuildAttributes$$THM_ISAv4$E$P$D$K$B$S$7EM$VFPi3$EXTD16$VFPS$VFMA$PE$A:L22UL41UL21$X:L11$S22US41US21$IEEE1$IW$USESV6$~STKCKD$USESV7$~SHL$OSPACE$ROPI$EBA8$UX$STANDARDLIB$REQ8$PRES8$EABIv2 0x00000000   Number         0  anon$$obj.o ABSOLUTE
    __ARM_use_no_argv                        0x00000000   Number         0  test.o ABSOLUTE
    _printf_flags                            0x00000000   Number         0  printf_stubs.o ABSOLUTE
    _printf_return_value                     0x00000000   Number         0  printf_stubs.o ABSOLUTE
    _printf_sizespec                         0x00000000   Number         0  printf_stubs.o ABSOLUTE
    _printf_widthprec                        0x00000000   Number         0  printf_stubs.o ABSOLUTE
    __ARM_exceptions_init                     - Undefined Weak Reference
    __alloca_initialize                       - Undefined Weak Reference
    __arm_preinit_                            - Undefined Weak Reference
    __cpp_initialize__aeabi_                  - Undefined Weak Reference
    __cxa_finalize                            - Undefined Weak Reference
    __rt_locale                               - Undefined Weak Reference
    __sigvec_lookup                           - Undefined Weak Reference
    _atexit_init                              - Undefined Weak Reference
    _call_atexit_fns                          - Undefined Weak Reference
    _clock_init                               - Undefined Weak Reference
    _fp_trap_init                             - Undefined Weak Reference
    _fp_trap_shutdown                         - Undefined Weak Reference
    _get_lc_collate                           - Undefined Weak Reference
    _get_lc_ctype                             - Undefined Weak Reference
    _get_lc_monetary                          - Undefined Weak Reference
    _get_lc_numeric                           - Undefined Weak Reference
    _get_lc_time                              - Undefined Weak Reference
    _getenv_init                              - Undefined Weak Reference
    _handle_redirection                       - Undefined Weak Reference
    _init_alloc                               - Undefined Weak Reference
    _init_user_alloc                          - Undefined Weak Reference
    _initio                                   - Undefined Weak Reference
    _mutex_acquire                            - Undefined Weak Reference
    _mutex_release                            - Undefined Weak Reference
    _printf_truncate_unsigned                 - Undefined Weak Reference
    _rand_init                                - Undefined Weak Reference
    _signal_finish                            - Undefined Weak Reference
    _signal_init                              - Undefined Weak Reference
    _terminate_alloc                          - Undefined Weak Reference
    _terminate_user_alloc                     - Undefined Weak Reference
    _terminateio                              - Undefined Weak Reference
    __Vectors_Size                           0x00000188   Number         0  startup_stm32f40_41xxx.o ABSOLUTE
    __Vectors                                0x08000000   Data           4  startup_stm32f40_41xxx.o(RESET)
    __Vectors_End                            0x08000188   Data           0  startup_stm32f40_41xxx.o(RESET)
    __main                                   0x08000189   Thumb Code     8  __main.o(!!!main)
    __scatterload                            0x08000191   Thumb Code     0  __scatter.o(!!!scatter)
    __scatterload_rt2                        0x08000191   Thumb Code    44  __scatter.o(!!!scatter)
    __scatterload_rt2_thumb_only             0x08000191   Thumb Code     0  __scatter.o(!!!scatter)
    __scatterload_null                       0x0800019f   Thumb Code     0  __scatter.o(!!!scatter)
    __scatterload_copy                       0x080001c5   Thumb Code    26  __scatter_copy.o(!!handler_copy)
    __scatterload_zeroinit                   0x080001e1   Thumb Code    28  __scatter_zi.o(!!handler_zi)
    _printf_percent                          0x080001fd   Thumb Code     0  _printf_percent.o(.ARM.Collect$$_printf_percent$$00000000)
    _printf_x                                0x080001fd   Thumb Code     0  _printf_x.o(.ARM.Collect$$_printf_percent$$0000000C)
    _printf_percent_end                      0x08000203   Thumb Code     0  _printf_percent_end.o(.ARM.Collect$$_printf_percent$$00000017)
    __rt_lib_init                            0x08000207   Thumb Code     0  libinit.o(.ARM.Collect$$libinit$$00000000)
    __rt_lib_init_fp_1                       0x08000209   Thumb Code     0  libinit2.o(.ARM.Collect$$libinit$$00000001)
    __rt_lib_init_alloca_1                   0x0800020d   Thumb Code     0  libinit2.o(.ARM.Collect$$libinit$$0000002E)
    __rt_lib_init_argv_1                     0x0800020d   Thumb Code     0  libinit2.o(.ARM.Collect$$libinit$$0000002C)
    __rt_lib_init_atexit_1                   0x0800020d   Thumb Code     0  libinit2.o(.ARM.Collect$$libinit$$0000001B)
    __rt_lib_init_clock_1                    0x0800020d   Thumb Code     0  libinit2.o(.ARM.Collect$$libinit$$00000021)
    __rt_lib_init_cpp_1                      0x0800020d   Thumb Code     0  libinit2.o(.ARM.Collect$$libinit$$00000032)
    __rt_lib_init_exceptions_1               0x0800020d   Thumb Code     0  libinit2.o(.ARM.Collect$$libinit$$00000030)
    __rt_lib_init_fp_trap_1                  0x0800020d   Thumb Code     0  libinit2.o(.ARM.Collect$$libinit$$0000001F)
    __rt_lib_init_getenv_1                   0x0800020d   Thumb Code     0  libinit2.o(.ARM.Collect$$libinit$$00000023)
    __rt_lib_init_heap_1                     0x0800020d   Thumb Code     0  libinit2.o(.ARM.Collect$$libinit$$0000000A)
    __rt_lib_init_lc_collate_1               0x0800020d   Thumb Code     0  libinit2.o(.ARM.Collect$$libinit$$00000011)
    __rt_lib_init_lc_ctype_1                 0x0800020d   Thumb Code     0  libinit2.o(.ARM.Collect$$libinit$$00000013)
    __rt_lib_init_lc_monetary_1              0x0800020d   Thumb Code     0  libinit2.o(.ARM.Collect$$libinit$$00000015)
    __rt_lib_init_lc_numeric_1               0x0800020d   Thumb Code     0  libinit2.o(.ARM.Collect$$libinit$$00000017)
    __rt_lib_init_lc_time_1                  0x0800020d   Thumb Code     0  libinit2.o(.ARM.Collect$$libinit$$00000019)
    __rt_lib_init_preinit_1                  0x0800020d   Thumb Code     0  libinit2.o(.ARM.Collect$$libinit$$00000004)
    __rt_lib_init_rand_1                     0x0800020d   Thumb Code     0  libinit2.o(.ARM.Collect$$libinit$$0000000E)
    __rt_lib_init_return                     0x0800020d   Thumb Code     0  libinit2.o(.ARM.Collect$$libinit$$00000033)
    __rt_lib_init_signal_1                   0x0800020d   Thumb Code     0  libinit2.o(.ARM.Collect$$libinit$$0000001D)
    __rt_lib_init_stdio_1                    0x0800020d   Thumb Code     0  libinit2.o(.ARM.Collect$$libinit$$00000025)
    __rt_lib_init_user_alloc_1               0x0800020d   Thumb Code     0  libinit2.o(.ARM.Collect$$libinit$$0000000C)
    __rt_lib_shutdown                        0x0800020f   Thumb Code     0  libshutdown.o(.ARM.Collect$$libshutdown$$00000000)
    __rt_lib_shutdown_cpp_1                  0x08000211   Thumb Code     0  libshutdown2.o(.ARM.Collect$$libshutdown$$00000002)
    __rt_lib_shutdown_fp_trap_1              0x08000211   Thumb Code     0  libshutdown2.o(.ARM.Collect$$libshutdown$$00000007)
    __rt_lib_shutdown_heap_1                 0x08000211   Thumb Code     0  libshutdown2.o(.ARM.Collect$$libshutdown$$0000000F)
    __rt_lib_shutdown_return                 0x08000211   Thumb Code     0  libshutdown2.o(.ARM.Collect$$libshutdown$$00000010)
    __rt_lib_shutdown_signal_1               0x08000211   Thumb Code     0  libshutdown2.o(.ARM.Collect$$libshutdown$$0000000A)
    __rt_lib_shutdown_stdio_1                0x08000211   Thumb Code     0  libshutdown2.o(.ARM.Collect$$libshutdown$$00000004)
    __rt_lib_shutdown_user_alloc_1           0x08000211   Thumb Code     0  libshutdown2.o(.ARM.Collect$$libshutdown$$0000000C)
    __rt_entry                               0x08000213   Thumb Code     0  __rtentry.o(.ARM.Collect$$rtentry$$00000000)
    __rt_entry_presh_1                       0x08000213   Thumb Code     0  __rtentry2.o(.ARM.Collect$$rtentry$$00000002)
    __rt_entry_sh                            0x08000213   Thumb Code     0  __rtentry4.o(.ARM.Collect$$rtentry$$00000004)
    __rt_entry_li                            0x08000219   Thumb Code     0  __rtentry2.o(.ARM.Collect$$rtentry$$0000000A)
    __rt_entry_postsh_1                      0x08000219   Thumb Code     0  __rtentry2.o(.ARM.Collect$$rtentry$$00000009)
    __rt_entry_main                          0x0800021d   Thumb Code     0  __rtentry2.o(.ARM.Collect$$rtentry$$0000000D)
    __rt_entry_postli_1                      0x0800021d   Thumb Code     0  __rtentry2.o(.ARM.Collect$$rtentry$$0000000C)
    __rt_exit                                0x08000225   Thumb Code     0  rtexit.o(.ARM.Collect$$rtexit$$00000000)
    __rt_exit_ls                             0x08000227   Thumb Code     0  rtexit2.o(.ARM.Collect$$rtexit$$00000003)
    __rt_exit_prels_1                        0x08000227   Thumb Code     0  rtexit2.o(.ARM.Collect$$rtexit$$00000002)
    __rt_exit_exit                           0x0800022b   Thumb Code     0  rtexit2.o(.ARM.Collect$$rtexit$$00000004)
    Reset_Handler                            0x08000231   Thumb Code     8  startup_stm32f40_41xxx.o(.text)
    ADC_IRQHandler                           0x0800024b   Thumb Code     0  startup_stm32f40_41xxx.o(.text)
    CAN1_RX1_IRQHandler                      0x0800024b   Thumb Code     0  startup_stm32f40_41xxx.o(.text)
    CAN1_SCE_IRQHandler                      0x0800024b   Thumb Code     0  startup_stm32f40_41xxx.o(.text)
    CAN1_TX_IRQHandler                       0x0800024b   Thumb Code     0  startup_stm32f40_41xxx.o(.text)
    CAN2_RX0_IRQHandler                      0x0800024b   Thumb Code     0  startup_stm32f40_41xxx.o(.text)
    CAN2_RX1_IRQHandler                      0x0800024b   Thumb Code     0  startup_stm32f40_41xxx.o(.text)
    CAN2_SCE_IRQHandler                      0x0800024b   Thumb Code     0  startup_stm32f40_41xxx.o(.text)
    CAN2_TX_IRQHandler                       0x0800024b   Thumb Code     0  startup_stm32f40_41xxx.o(.text)
    CRYP_IRQHandler                          0x0800024b   Thumb Code     0  startup_stm32f40_41xxx.o(.text)
    DCMI_IRQHandler                          0x0800024b   Thumb Code     0  startup_stm32f40_41xxx.o(.text)
    DMA1_Stream0_IRQHandler                  0x0800024b   Thumb Code     0  startup_stm32f40_41xxx.o(.text)
    DMA1_Stream1_IRQHandler                  0x0800024b   Thumb Code     0  startup_stm32f40_41xxx.o(.text)
    DMA1_Stream2_IRQHandler                  0x0800024b   Thumb Code     0  startup_stm32f40_41xxx.o(.text)
    DMA1_Stream3_IRQHandler                  0x0800024b   Thumb Code     0  startup_stm32f40_41xxx.o(.text)
    DMA1_Stream4_IRQHandler                  0x0800024b   Thumb Code     0  startup_stm32f40_41xxx.o(.text)
    DMA1_Stream5_IRQHandler                  0x0800024b   Thumb Code     0  startup_stm32f40_41xxx.o(.text)
    DMA1_Stream6_IRQHandler                  0x0800024b   Thumb Code     0  startup_stm32f40_41xxx.o(.text)
    DMA1_Stream7_IRQHandler                  0x0800024b   Thumb Code     0  startup_stm32f40_41xxx.o(.text)
    DMA2_Stream0_IRQHandler                  0x0800024b   Thumb Code     0  startup_stm32f40_41xxx.o(.text)
    DMA2_Stream1_IRQHandler                  0x0800024b   Thumb Code     0  startup_stm32f40_41xxx.o(.text)
    DMA2_Stream2_IRQHandler                  0x0800024b   Thumb Code     0  startup_stm32f40_41xxx.o(.text)
    DMA2_Stream3_IRQHandler                  0x0800024b   Thumb Code     0  startup_stm32f40_41xxx.o(.text)
    DMA2_Stream4_IRQHandler                  0x0800024b   Thumb Code     0  startup_stm32f40_41xxx.o(.text)
    DMA2_Stream5_IRQHandler                  0x0800024b   Thumb Code     0  startup_stm32f40_41xxx.o(.text)
    DMA2_Stream6_IRQHandler                  0x0800024b   Thumb Code     0  startup_stm32f40_41xxx.o(.text)
    DMA2_Stream7_IRQHandler                  0x0800024b   Thumb Code     0  startup_stm32f40_41xxx.o(.text)
    ETH_IRQHandler                           0x0800024b   Thumb Code     0  startup_stm32f40_41xxx.o(.text)
    ETH_WKUP_IRQHandler                      0x0800024b   Thumb Code     0  startup_stm32f40_41xxx.o(.text)
    EXTI0_IRQHandler                         0x0800024b   Thumb Code     0  startup_stm32f40_41xxx.o(.text)
    EXTI15_10_IRQHandler                     0x0800024b   Thumb Code     0  startup_stm32f40_41xxx.o(.text)
    EXTI1_IRQHandler                         0x0800024b   Thumb Code     0  startup_stm32f40_41xxx.o(.text)
    EXTI2_IRQHandler                         0x0800024b   Thumb Code     0  startup_stm32f40_41xxx.o(.text)
    EXTI3_IRQHandler                         0x0800024b   Thumb Code     0  startup_stm32f40_41xxx.o(.text)
    EXTI4_IRQHandler                         0x0800024b   Thumb Code     0  startup_stm32f40_41xxx.o(.text)
    EXTI9_5_IRQHandler                       0x0800024b   Thumb Code     0  startup_stm32f40_41xxx.o(.text)
    FLASH_IRQHandler                         0x0800024b   Thumb Code     0  startup_stm32f40_41xxx.o(.text)
    FPU_IRQHandler                           0x0800024b   Thumb Code     0  startup_stm32f40_41xxx.o(.text)
    FSMC_IRQHandler                          0x0800024b   Thumb Code     0  startup_stm32f40_41xxx.o(.text)
    HASH_RNG_IRQHandler                      0x0800024b   Thumb Code     0  startup_stm32f40_41xxx.o(.text)
    I2C1_ER_IRQHandler                       0x0800024b   Thumb Code     0  startup_stm32f40_41xxx.o(.text)
    I2C1_EV_IRQHandler                       0x0800024b   Thumb Code     0  startup_stm32f40_41xxx.o(.text)
    I2C2_ER_IRQHandler                       0x0800024b   Thumb Code     0  startup_stm32f40_41xxx.o(.text)
    I2C2_EV_IRQHandler                       0x0800024b   Thumb Code     0  startup_stm32f40_41xxx.o(.text)
    I2C3_ER_IRQHandler                       0x0800024b   Thumb Code     0  startup_stm32f40_41xxx.o(.text)
    I2C3_EV_IRQHandler                       0x0800024b   Thumb Code     0  startup_stm32f40_41xxx.o(.text)
    OTG_FS_IRQHandler                        0x0800024b   Thumb Code     0  startup_stm32f40_41xxx.o(.text)
    OTG_FS_WKUP_IRQHandler                   0x0800024b   Thumb Code     0  startup_stm32f40_41xxx.o(.text)
    OTG_HS_EP1_IN_IRQHandler                 0x0800024b   Thumb Code     0  startup_stm32f40_41xxx.o(.text)
    OTG_HS_EP1_OUT_IRQHandler                0x0800024b   Thumb Code     0  startup_stm32f40_41xxx.o(.text)
    OTG_HS_IRQHandler                        0x0800024b   Thumb Code     0  startup_stm32f40_41xxx.o(.text)
    OTG_HS_WKUP_IRQHandler                   0x0800024b   Thumb Code     0  startup_stm32f40_41xxx.o(.text)
    PVD_IRQHandler                           0x0800024b   Thumb Code     0  startup_stm32f40_41xxx.o(.text)
    RCC_IRQHandler                           0x0800024b   Thumb Code     0  startup_stm32f40_41xxx.o(.text)
    RTC_Alarm_IRQHandler                     0x0800024b   Thumb Code     0  startup_stm32f40_41xxx.o(.text)
    RTC_WKUP_IRQHandler                      0x0800024b   Thumb Code     0  startup_stm32f40_41xxx.o(.text)
    SDIO_IRQHandler                          0x0800024b   Thumb Code     0  startup_stm32f40_41xxx.o(.text)
    SPI1_IRQHandler                          0x0800024b   Thumb Code     0  startup_stm32f40_41xxx.o(.text)
    SPI2_IRQHandler                          0x0800024b   Thumb Code     0  startup_stm32f40_41xxx.o(.text)
    SPI3_IRQHandler                          0x0800024b   Thumb Code     0  startup_stm32f40_41xxx.o(.text)
    TAMP_STAMP_IRQHandler                    0x0800024b   Thumb Code     0  startup_stm32f40_41xxx.o(.text)
    TIM1_BRK_TIM9_IRQHandler                 0x0800024b   Thumb Code     0  startup_stm32f40_41xxx.o(.text)
    TIM1_CC_IRQHandler                       0x0800024b   Thumb Code     0  startup_stm32f40_41xxx.o(.text)
    TIM1_TRG_COM_TIM11_IRQHandler            0x0800024b   Thumb Code     0  startup_stm32f40_41xxx.o(.text)
    TIM1_UP_TIM10_IRQHandler                 0x0800024b   Thumb Code     0  startup_stm32f40_41xxx.o(.text)
    TIM2_IRQHandler                          0x0800024b   Thumb Code     0  startup_stm32f40_41xxx.o(.text)
    TIM4_IRQHandler                          0x0800024b   Thumb Code     0  startup_stm32f40_41xxx.o(.text)
    TIM5_IRQHandler                          0x0800024b   Thumb Code     0  startup_stm32f40_41xxx.o(.text)
    TIM6_DAC_IRQHandler                      0x0800024b   Thumb Code     0  startup_stm32f40_41xxx.o(.text)
    TIM7_IRQHandler                          0x0800024b   Thumb Code     0  startup_stm32f40_41xxx.o(.text)
    TIM8_BRK_TIM12_IRQHandler                0x0800024b   Thumb Code     0  startup_stm32f40_41xxx.o(.text)
    TIM8_CC_IRQHandler                       0x0800024b   Thumb Code     0  startup_stm32f40_41xxx.o(.text)
    TIM8_TRG_COM_TIM14_IRQHandler            0x0800024b   Thumb Code     0  startup_stm32f40_41xxx.o(.text)
    TIM8_UP_TIM13_IRQHandler                 0x0800024b   Thumb Code     0  startup_stm32f40_41xxx.o(.text)
    UART4_IRQHandler                         0x0800024b   Thumb Code     0  startup_stm32f40_41xxx.o(.text)
    UART5_IRQHandler                         0x0800024b   Thumb Code     0  startup_stm32f40_41xxx.o(.text)
    USART2_IRQHandler                        0x0800024b   Thumb Code     0  startup_stm32f40_41xxx.o(.text)
    USART3_IRQHandler                        0x0800024b   Thumb Code     0  startup_stm32f40_41xxx.o(.text)
    USART6_IRQHandler                        0x0800024b   Thumb Code     0  startup_stm32f40_41xxx.o(.text)
    WWDG_IRQHandler                          0x0800024b   Thumb Code     0  startup_stm32f40_41xxx.o(.text)
    __user_initial_stackheap                 0x0800024d   Thumb Code     0  startup_stm32f40_41xxx.o(.text)
    __use_no_semihosting                     0x08000271   Thumb Code     2  use_no_semi_2.o(.text)
    __2printf                                0x08000275   Thumb Code    20  noretval__2printf.o(.text)
    _printf_pre_padding                      0x0800028d   Thumb Code    44  _printf_pad.o(.text)
    _printf_post_padding                     0x080002b9   Thumb Code    34  _printf_pad.o(.text)
    _printf_int_hex                          0x080002dd   Thumb Code    84  _printf_hex_int.o(.text)
    _printf_longlong_hex                     0x080002dd   Thumb Code     0  _printf_hex_int.o(.text)
    __printf                                 0x08000335   Thumb Code   388  __printf_flags_ss_wp.o(.text)
    __use_two_region_memory                  0x080004bd   Thumb Code     2  heapauxi.o(.text)
    __rt_heap_escrow$2region                 0x080004bf   Thumb Code     2  heapauxi.o(.text)
    __rt_heap_expand$2region                 0x080004c1   Thumb Code     2  heapauxi.o(.text)
    __I$use$semihosting                      0x080004c3   Thumb Code     0  use_no_semi.o(.text)
    __use_no_semihosting_swi                 0x080004c3   Thumb Code     2  use_no_semi.o(.text)
    _printf_int_common                       0x080004c5   Thumb Code   178  _printf_intcommon.o(.text)
    _printf_char_file                        0x08000579   Thumb Code    32  _printf_char_file.o(.text)
    _printf_char_common                      0x080005a7   Thumb Code    32  _printf_char_common.o(.text)
    ferror                                   0x080005cd   Thumb Code     8  ferror.o(.text)
    __user_setup_stackheap                   0x080005d5   Thumb Code    74  sys_stackheap_outer.o(.text)
    exit                                     0x0800061f   Thumb Code    18  exit.o(.text)
    __user_libspace                          0x08000631   Thumb Code     8  libspace.o(.text)
    __user_perproc_libspace                  0x08000631   Thumb Code     0  libspace.o(.text)
    __user_perthread_libspace                0x08000631   Thumb Code     0  libspace.o(.text)
    BusFault_Handler                         0x08000639   Thumb Code     4  stm32f4xx_it.o(i.BusFault_Handler)
    CAN1_RX0_IRQHandler                      0x0800063d   Thumb Code    70  can.o(i.CAN1_RX0_IRQHandler)
    CAN_FilterInit                           0x08000689   Thumb Code   258  stm32f4xx_can.o(i.CAN_FilterInit)
    CAN_ITConfig                             0x08000791   Thumb Code    18  stm32f4xx_can.o(i.CAN_ITConfig)
    CAN_Init                                 0x080007a3   Thumb Code   276  stm32f4xx_can.o(i.CAN_Init)
    CAN_Receive                              0x080008b7   Thumb Code   240  stm32f4xx_can.o(i.CAN_Receive)
    CAN_Transmit                             0x080009a7   Thumb Code   294  stm32f4xx_can.o(i.CAN_Transmit)
    CAN_TransmitStatus                       0x08000acd   Thumb Code   138  stm32f4xx_can.o(i.CAN_TransmitStatus)
    CancelAlarm                              0x08000b6d   Thumb Code    84  driver_common.o(i.CancelAlarm)
    ClcTimerOutFlag                          0x08000bf1   Thumb Code    52  driver_common.o(i.ClcTimerOutFlag)
    ClearFIFO                                0x08000c35   Thumb Code    28  driver_common.o(i.ClearFIFO)
    DebugMon_Handler                         0x08000c55   Thumb Code     2  stm32f4xx_it.o(i.DebugMon_Handler)
    GPIO_Init                                0x08000ce5   Thumb Code   144  stm32f4xx_gpio.o(i.GPIO_Init)
    GPIO_PinAFConfig                         0x08000d75   Thumb Code    70  stm32f4xx_gpio.o(i.GPIO_PinAFConfig)
    GetFromFIFO                              0x08000dbd   Thumb Code   206  driver_common.o(i.GetFromFIFO)
    GetTimerIsOut                            0x08000e91   Thumb Code    48  driver_common.o(i.GetTimerIsOut)
    HardFault_Handler                        0x08000ed1   Thumb Code     4  stm32f4xx_it.o(i.HardFault_Handler)
    InitNMPDU                                0x08000ed5   Thumb Code    24  driver_common.o(i.InitNMPDU)
    InitPlatform                             0x08000eed   Thumb Code    38  driver_common.o(i.InitPlatform)
    MemManage_Handler                        0x08000f61   Thumb Code     4  stm32f4xx_it.o(i.MemManage_Handler)
    NMI_Handler                              0x08000ff1   Thumb Code     2  stm32f4xx_it.o(i.NMI_Handler)
    NMStateManage                            0x080018e9   Thumb Code    84  oseknm.o(i.NMStateManage)
    NVIC_Init                                0x08001aa9   Thumb Code   106  misc.o(i.NVIC_Init)
    NVIC_PriorityGroupConfig                 0x08001b21   Thumb Code    10  misc.o(i.NVIC_PriorityGroupConfig)
    PendSV_Handler                           0x08001c61   Thumb Code     2  stm32f4xx_it.o(i.PendSV_Handler)
    RCC_AHB1PeriphClockCmd                   0x08001c65   Thumb Code    26  stm32f4xx_rcc.o(i.RCC_AHB1PeriphClockCmd)
    RCC_APB1PeriphClockCmd                   0x08001c85   Thumb Code    26  stm32f4xx_rcc.o(i.RCC_APB1PeriphClockCmd)
    RCC_APB2PeriphClockCmd                   0x08001ca5   Thumb Code    26  stm32f4xx_rcc.o(i.RCC_APB2PeriphClockCmd)
    RCC_GetClocksFreq                        0x08001cc5   Thumb Code   214  stm32f4xx_rcc.o(i.RCC_GetClocksFreq)
    Recv_EveryMessage                        0x08001dad   Thumb Code    34  driver_common.o(i.Recv_EveryMessage)
    STM32_CAN1_Init                          0x08001dd9   Thumb Code   246  can.o(i.STM32_CAN1_Init)
    STM32_TX_CAN_Transmit                    0x08001ed9   Thumb Code   116  can.o(i.STM32_TX_CAN_Transmit)
    SVC_Handler                              0x08001f51   Thumb Code     2  stm32f4xx_it.o(i.SVC_Handler)
    SetAlarm                                 0x08001f55   Thumb Code   110  driver_common.o(i.SetAlarm)
    SetToFIFO                                0x080020e1   Thumb Code   108  driver_common.o(i.SetToFIFO)
    StartNM                                  0x08002151   Thumb Code    22  oseknmserver.o(i.StartNM)
    Stm32Timer3Init                          0x08002171   Thumb Code    92  timer.o(i.Stm32Timer3Init)
    Stm32Timer3ShutDown                      0x080021d1   Thumb Code    12  timer.o(i.Stm32Timer3ShutDown)
    SysTick_CLKSourceConfig                  0x080021dd   Thumb Code    40  misc.o(i.SysTick_CLKSourceConfig)
    SysTick_Handler                          0x08002205   Thumb Code     2  stm32f4xx_it.o(i.SysTick_Handler)
    SystemInit                               0x08002209   Thumb Code    88  system_stm32f4xx.o(i.SystemInit)
    TIM3_IRQHandler                          0x08002271   Thumb Code    28  timer.o(i.TIM3_IRQHandler)
    TIM_ClearITPendingBit                    0x08002291   Thumb Code     6  stm32f4xx_tim.o(i.TIM_ClearITPendingBit)
    TIM_Cmd                                  0x08002297   Thumb Code    24  stm32f4xx_tim.o(i.TIM_Cmd)
    TIM_GetITStatus                          0x080022af   Thumb Code    34  stm32f4xx_tim.o(i.TIM_GetITStatus)
    TIM_ITConfig                             0x080022d1   Thumb Code    18  stm32f4xx_tim.o(i.TIM_ITConfig)
    TIM_TimeBaseInit                         0x080022e5   Thumb Code   104  stm32f4xx_tim.o(i.TIM_TimeBaseInit)
    TX_CAN_Transmit                          0x08002369   Thumb Code    14  driver_common.o(i.TX_CAN_Transmit)
    Timer10                                  0x08002379   Thumb Code   190  driver_common.o(i.Timer10)
    USART1_IRQHandler                        0x08002489   Thumb Code   122  usart.o(i.USART1_IRQHandler)
    USART_Cmd                                0x08002511   Thumb Code    24  stm32f4xx_usart.o(i.USART_Cmd)
    USART_GetITStatus                        0x08002529   Thumb Code    84  stm32f4xx_usart.o(i.USART_GetITStatus)
    USART_ITConfig                           0x0800257d   Thumb Code    74  stm32f4xx_usart.o(i.USART_ITConfig)
    USART_Init                               0x080025c9   Thumb Code   204  stm32f4xx_usart.o(i.USART_Init)
    USART_ReceiveData                        0x0800269d   Thumb Code    10  stm32f4xx_usart.o(i.USART_ReceiveData)
    UsageFault_Handler                       0x080026a7   Thumb Code     4  stm32f4xx_it.o(i.UsageFault_Handler)
    _is_digit                                0x080026ab   Thumb Code    14  __printf_wp.o(i._is_digit)
    _sys_exit                                0x080026b9   Thumb Code     4  usart.o(i._sys_exit)
    delay_init                               0x080026bd   Thumb Code    52  delay.o(i.delay_init)
    delay_ms                                 0x080026f9   Thumb Code    56  delay.o(i.delay_ms)
    delay_xms                                0x08002731   Thumb Code    72  delay.o(i.delay_xms)
    fputc                                    0x0800277d   Thumb Code    22  usart.o(i.fputc)
    main                                     0x08002799   Thumb Code    38  test.o(i.main)
    uart_init                                0x080027cd   Thumb Code   164  usart.o(i.uart_init)
    _fp_init                                 0x08002879   Thumb Code    10  fpinit.o(x$fpl$fpinit)
    __fplib_config_fpu_vfp                   0x08002881   Thumb Code     0  fpinit.o(x$fpl$fpinit)
    __fplib_config_pureend_doubles           0x08002881   Thumb Code     0  fpinit.o(x$fpl$fpinit)
    Region$$Table$$Base                      0x080028bc   Number         0  anon$$obj.o(Region$$Table)
    Region$$Table$$Limit                     0x080028dc   Number         0  anon$$obj.o(Region$$Table)
    NMCurrentState                           0x20000000   Data           1  oseknm.o(.data)
    NMCurrentSubState                        0x20000001   Data           1  oseknm.o(.data)
    NMPreState                               0x20000002   Data           1  oseknm.o(.data)
    CalledGotoModeAwake                      0x20000009   Data           1  oseknm.o(.data)
    CalledGotoModeBusSleep                   0x2000000a   Data           1  oseknm.o(.data)
    ConfigedPara                             0x2000000b   Data           1  oseknm.o(.data)
    __stdout                                 0x20000020   Data           4  usart.o(.data)
    USART_RX_STA                             0x20000024   Data           2  usart.o(.data)
    NodeCfg                                  0x2000004c   Data          72  oseknm.o(.bss)
    ConfPara                                 0x20000094   Data          24  oseknm.o(.bss)
    USART_RX_BUF                             0x200000ac   Data         200  usart.o(.bss)
    __libspace_start                         0x20000278   Data          96  libspace.o(.bss)
    __temporary_stack_top$libspace           0x200002d8   Data           0  libspace.o(.bss)



==============================================================================

Memory Map of the image

  Image Entry point : 0x08000231

  Load Region LR_1 (Base: 0x08000000, Size: 0x00002928, Max: 0xffffffff, ABSOLUTE)

    Execution Region ER_RO (Exec base: 0x08000000, Load base: 0x08000000, Size: 0x000028dc, Max: 0xffffffff, ABSOLUTE)

    Exec Addr    Load Addr    Size         Type   Attr      Idx    E Section Name        Object

    0x08000000   0x08000000   0x00000188   Data   RO          283    RESET               startup_stm32f40_41xxx.o
    0x08000188   0x08000188   0x00000008   Code   RO         5810  * !!!main             c_w.l(__main.o)
    0x08000190   0x08000190   0x00000034   Code   RO         5978    !!!scatter          c_w.l(__scatter.o)
    0x080001c4   0x080001c4   0x0000001a   Code   RO         5980    !!handler_copy      c_w.l(__scatter_copy.o)
    0x080001de   0x080001de   0x00000002   PAD
    0x080001e0   0x080001e0   0x0000001c   Code   RO         5982    !!handler_zi        c_w.l(__scatter_zi.o)
    0x080001fc   0x080001fc   0x00000000   Code   RO         5807    .ARM.Collect$$_printf_percent$$00000000  c_w.l(_printf_percent.o)
    0x080001fc   0x080001fc   0x00000006   Code   RO         5806    .ARM.Collect$$_printf_percent$$0000000C  c_w.l(_printf_x.o)
    0x08000202   0x08000202   0x00000004   Code   RO         5819    .ARM.Collect$$_printf_percent$$00000017  c_w.l(_printf_percent_end.o)
    0x08000206   0x08000206   0x00000002   Code   RO         5852    .ARM.Collect$$libinit$$00000000  c_w.l(libinit.o)
    0x08000208   0x08000208   0x00000004   Code   RO         5858    .ARM.Collect$$libinit$$00000001  c_w.l(libinit2.o)
    0x0800020c   0x0800020c   0x00000000   Code   RO         5861    .ARM.Collect$$libinit$$00000004  c_w.l(libinit2.o)
    0x0800020c   0x0800020c   0x00000000   Code   RO         5864    .ARM.Collect$$libinit$$0000000A  c_w.l(libinit2.o)
    0x0800020c   0x0800020c   0x00000000   Code   RO         5866    .ARM.Collect$$libinit$$0000000C  c_w.l(libinit2.o)
    0x0800020c   0x0800020c   0x00000000   Code   RO         5868    .ARM.Collect$$libinit$$0000000E  c_w.l(libinit2.o)
    0x0800020c   0x0800020c   0x00000000   Code   RO         5871    .ARM.Collect$$libinit$$00000011  c_w.l(libinit2.o)
    0x0800020c   0x0800020c   0x00000000   Code   RO         5873    .ARM.Collect$$libinit$$00000013  c_w.l(libinit2.o)
    0x0800020c   0x0800020c   0x00000000   Code   RO         5875    .ARM.Collect$$libinit$$00000015  c_w.l(libinit2.o)
    0x0800020c   0x0800020c   0x00000000   Code   RO         5877    .ARM.Collect$$libinit$$00000017  c_w.l(libinit2.o)
    0x0800020c   0x0800020c   0x00000000   Code   RO         5879    .ARM.Collect$$libinit$$00000019  c_w.l(libinit2.o)
    0x0800020c   0x0800020c   0x00000000   Code   RO         5881    .ARM.Collect$$libinit$$0000001B  c_w.l(libinit2.o)
    0x0800020c   0x0800020c   0x00000000   Code   RO         5883    .ARM.Collect$$libinit$$0000001D  c_w.l(libinit2.o)
    0x0800020c   0x0800020c   0x00000000   Code   RO         5885    .ARM.Collect$$libinit$$0000001F  c_w.l(libinit2.o)
    0x0800020c   0x0800020c   0x00000000   Code   RO         5887    .ARM.Collect$$libinit$$00000021  c_w.l(libinit2.o)
    0x0800020c   0x0800020c   0x00000000   Code   RO         5889    .ARM.Collect$$libinit$$00000023  c_w.l(libinit2.o)
    0x0800020c   0x0800020c   0x00000000   Code   RO         5891    .ARM.Collect$$libinit$$00000025  c_w.l(libinit2.o)
    0x0800020c   0x0800020c   0x00000000   Code   RO         5895    .ARM.Collect$$libinit$$0000002C  c_w.l(libinit2.o)
    0x0800020c   0x0800020c   0x00000000   Code   RO         5897    .ARM.Collect$$libinit$$0000002E  c_w.l(libinit2.o)
    0x0800020c   0x0800020c   0x00000000   Code   RO         5899    .ARM.Collect$$libinit$$00000030  c_w.l(libinit2.o)
    0x0800020c   0x0800020c   0x00000000   Code   RO         5901    .ARM.Collect$$libinit$$00000032  c_w.l(libinit2.o)
    0x0800020c   0x0800020c   0x00000002   Code   RO         5902    .ARM.Collect$$libinit$$00000033  c_w.l(libinit2.o)
    0x0800020e   0x0800020e   0x00000002   Code   RO         5920    .ARM.Collect$$libshutdown$$00000000  c_w.l(libshutdown.o)
    0x08000210   0x08000210   0x00000000   Code   RO         5930    .ARM.Collect$$libshutdown$$00000002  c_w.l(libshutdown2.o)
    0x08000210   0x08000210   0x00000000   Code   RO         5932    .ARM.Collect$$libshutdown$$00000004  c_w.l(libshutdown2.o)
    0x08000210   0x08000210   0x00000000   Code   RO         5935    .ARM.Collect$$libshutdown$$00000007  c_w.l(libshutdown2.o)
    0x08000210   0x08000210   0x00000000   Code   RO         5938    .ARM.Collect$$libshutdown$$0000000A  c_w.l(libshutdown2.o)
    0x08000210   0x08000210   0x00000000   Code   RO         5940    .ARM.Collect$$libshutdown$$0000000C  c_w.l(libshutdown2.o)
    0x08000210   0x08000210   0x00000000   Code   RO         5943    .ARM.Collect$$libshutdown$$0000000F  c_w.l(libshutdown2.o)
    0x08000210   0x08000210   0x00000002   Code   RO         5944    .ARM.Collect$$libshutdown$$00000010  c_w.l(libshutdown2.o)
    0x08000212   0x08000212   0x00000000   Code   RO         5814    .ARM.Collect$$rtentry$$00000000  c_w.l(__rtentry.o)
    0x08000212   0x08000212   0x00000000   Code   RO         5821    .ARM.Collect$$rtentry$$00000002  c_w.l(__rtentry2.o)
    0x08000212   0x08000212   0x00000006   Code   RO         5833    .ARM.Collect$$rtentry$$00000004  c_w.l(__rtentry4.o)
    0x08000218   0x08000218   0x00000000   Code   RO         5823    .ARM.Collect$$rtentry$$00000009  c_w.l(__rtentry2.o)
    0x08000218   0x08000218   0x00000004   Code   RO         5824    .ARM.Collect$$rtentry$$0000000A  c_w.l(__rtentry2.o)
    0x0800021c   0x0800021c   0x00000000   Code   RO         5826    .ARM.Collect$$rtentry$$0000000C  c_w.l(__rtentry2.o)
    0x0800021c   0x0800021c   0x00000008   Code   RO         5827    .ARM.Collect$$rtentry$$0000000D  c_w.l(__rtentry2.o)
    0x08000224   0x08000224   0x00000002   Code   RO         5856    .ARM.Collect$$rtexit$$00000000  c_w.l(rtexit.o)
    0x08000226   0x08000226   0x00000000   Code   RO         5904    .ARM.Collect$$rtexit$$00000002  c_w.l(rtexit2.o)
    0x08000226   0x08000226   0x00000004   Code   RO         5905    .ARM.Collect$$rtexit$$00000003  c_w.l(rtexit2.o)
    0x0800022a   0x0800022a   0x00000006   Code   RO         5906    .ARM.Collect$$rtexit$$00000004  c_w.l(rtexit2.o)
    0x08000230   0x08000230   0x00000040   Code   RO          284  * .text               startup_stm32f40_41xxx.o
    0x08000270   0x08000270   0x00000002   Code   RO         5755    .text               c_w.l(use_no_semi_2.o)
    0x08000272   0x08000272   0x00000002   PAD
    0x08000274   0x08000274   0x00000018   Code   RO         5759    .text               c_w.l(noretval__2printf.o)
    0x0800028c   0x0800028c   0x0000004e   Code   RO         5763    .text               c_w.l(_printf_pad.o)
    0x080002da   0x080002da   0x00000002   PAD
    0x080002dc   0x080002dc   0x00000058   Code   RO         5768    .text               c_w.l(_printf_hex_int.o)
    0x08000334   0x08000334   0x00000188   Code   RO         5803    .text               c_w.l(__printf_flags_ss_wp.o)
    0x080004bc   0x080004bc   0x00000006   Code   RO         5808    .text               c_w.l(heapauxi.o)
    0x080004c2   0x080004c2   0x00000002   Code   RO         5812    .text               c_w.l(use_no_semi.o)
    0x080004c4   0x080004c4   0x000000b2   Code   RO         5815    .text               c_w.l(_printf_intcommon.o)
    0x08000576   0x08000576   0x00000002   PAD
    0x08000578   0x08000578   0x00000024   Code   RO         5817    .text               c_w.l(_printf_char_file.o)
    0x0800059c   0x0800059c   0x00000030   Code   RO         5835    .text               c_w.l(_printf_char_common.o)
    0x080005cc   0x080005cc   0x00000008   Code   RO         5837    .text               c_w.l(ferror.o)
    0x080005d4   0x080005d4   0x0000004a   Code   RO         5841    .text               c_w.l(sys_stackheap_outer.o)
    0x0800061e   0x0800061e   0x00000012   Code   RO         5845    .text               c_w.l(exit.o)
    0x08000630   0x08000630   0x00000008   Code   RO         5853    .text               c_w.l(libspace.o)
    0x08000638   0x08000638   0x00000004   Code   RO         5415    i.BusFault_Handler  stm32f4xx_it.o
    0x0800063c   0x0800063c   0x0000004c   Code   RO         5567    i.CAN1_RX0_IRQHandler  can.o
    0x08000688   0x08000688   0x00000108   Code   RO          591    i.CAN_FilterInit    stm32f4xx_can.o
    0x08000790   0x08000790   0x00000012   Code   RO          597    i.CAN_ITConfig      stm32f4xx_can.o
    0x080007a2   0x080007a2   0x00000114   Code   RO          598    i.CAN_Init          stm32f4xx_can.o
    0x080008b6   0x080008b6   0x000000f0   Code   RO          601    i.CAN_Receive       stm32f4xx_can.o
    0x080009a6   0x080009a6   0x00000126   Code   RO          606    i.CAN_Transmit      stm32f4xx_can.o
    0x08000acc   0x08000acc   0x000000a0   Code   RO          607    i.CAN_TransmitStatus  stm32f4xx_can.o
    0x08000b6c   0x08000b6c   0x00000084   Code   RO         5610    i.CancelAlarm       driver_common.o
    0x08000bf0   0x08000bf0   0x00000044   Code   RO         5611    i.ClcTimerOutFlag   driver_common.o
    0x08000c34   0x08000c34   0x00000020   Code   RO         5612    i.ClearFIFO         driver_common.o
    0x08000c54   0x08000c54   0x00000002   Code   RO         5416    i.DebugMon_Handler  stm32f4xx_it.o
    0x08000c56   0x08000c56   0x00000002   PAD
    0x08000c58   0x08000c58   0x00000034   Code   RO            4    i.EnsureLogicSuccessor  oseknm.o
    0x08000c8c   0x08000c8c   0x0000002c   Code   RO            5    i.FineLimpHomeNode  oseknm.o
    0x08000cb8   0x08000cb8   0x0000002c   Code   RO            6    i.FinePresentNode   oseknm.o
    0x08000ce4   0x08000ce4   0x00000090   Code   RO         2166    i.GPIO_Init         stm32f4xx_gpio.o
    0x08000d74   0x08000d74   0x00000046   Code   RO         2167    i.GPIO_PinAFConfig  stm32f4xx_gpio.o
    0x08000dba   0x08000dba   0x00000002   PAD
    0x08000dbc   0x08000dbc   0x000000d4   Code   RO         5613    i.GetFromFIFO       driver_common.o
    0x08000e90   0x08000e90   0x00000040   Code   RO         5614    i.GetTimerIsOut     driver_common.o
    0x08000ed0   0x08000ed0   0x00000004   Code   RO         5417    i.HardFault_Handler  stm32f4xx_it.o
    0x08000ed4   0x08000ed4   0x00000018   Code   RO         5615    i.InitNMPDU         driver_common.o
    0x08000eec   0x08000eec   0x00000038   Code   RO         5616    i.InitPlatform      driver_common.o
    0x08000f24   0x08000f24   0x0000003c   Code   RO            7    i.IsSkiped          oseknm.o
    0x08000f60   0x08000f60   0x00000004   Code   RO         5418    i.MemManage_Handler  stm32f4xx_it.o
    0x08000f64   0x08000f64   0x0000008c   Code   RO            8    i.NMBusSleep        oseknm.o
    0x08000ff0   0x08000ff0   0x00000002   Code   RO         5419    i.NMI_Handler       stm32f4xx_it.o
    0x08000ff2   0x08000ff2   0x00000002   PAD
    0x08000ff4   0x08000ff4   0x00000110   Code   RO            9    i.NMInit            oseknm.o
    0x08001104   0x08001104   0x000002a8   Code   RO           10    i.NMLimpHome        oseknm.o
    0x080013ac   0x080013ac   0x000000cc   Code   RO           11    i.NMLimpHomePrepSleep  oseknm.o
    0x08001478   0x08001478   0x00000218   Code   RO           12    i.NMNormal          oseknm.o
    0x08001690   0x08001690   0x0000016c   Code   RO           13    i.NMNormalPrepSleep  oseknm.o
    0x080017fc   0x080017fc   0x000000ec   Code   RO           14    i.NMReset           oseknm.o
    0x080018e8   0x080018e8   0x00000058   Code   RO           15    i.NMStateManage     oseknm.o
    0x08001940   0x08001940   0x000000c4   Code   RO           16    i.NMTwbsLimpHome    oseknm.o
    0x08001a04   0x08001a04   0x000000a4   Code   RO           17    i.NMTwbsNormal      oseknm.o
    0x08001aa8   0x08001aa8   0x00000078   Code   RO          291    i.NVIC_Init         misc.o
    0x08001b20   0x08001b20   0x00000014   Code   RO          292    i.NVIC_PriorityGroupConfig  misc.o
    0x08001b34   0x08001b34   0x0000012c   Code   RO           18    i.NormalStandardNM  oseknm.o
    0x08001c60   0x08001c60   0x00000002   Code   RO         5420    i.PendSV_Handler    stm32f4xx_it.o
    0x08001c62   0x08001c62   0x00000002   PAD
    0x08001c64   0x08001c64   0x00000020   Code   RO         3092    i.RCC_AHB1PeriphClockCmd  stm32f4xx_rcc.o
    0x08001c84   0x08001c84   0x00000020   Code   RO         3101    i.RCC_APB1PeriphClockCmd  stm32f4xx_rcc.o
    0x08001ca4   0x08001ca4   0x00000020   Code   RO         3104    i.RCC_APB2PeriphClockCmd  stm32f4xx_rcc.o
    0x08001cc4   0x08001cc4   0x000000e8   Code   RO         3113    i.RCC_GetClocksFreq  stm32f4xx_rcc.o
    0x08001dac   0x08001dac   0x0000002c   Code   RO         5617    i.Recv_EveryMessage  driver_common.o
    0x08001dd8   0x08001dd8   0x00000100   Code   RO         5568    i.STM32_CAN1_Init   can.o
    0x08001ed8   0x08001ed8   0x00000078   Code   RO         5569    i.STM32_TX_CAN_Transmit  can.o
    0x08001f50   0x08001f50   0x00000002   Code   RO         5421    i.SVC_Handler       stm32f4xx_it.o
    0x08001f52   0x08001f52   0x00000002   PAD
    0x08001f54   0x08001f54   0x000000a0   Code   RO         5618    i.SetAlarm          driver_common.o
    0x08001ff4   0x08001ff4   0x000000ec   Code   RO         5490    i.SetSysClock       system_stm32f4xx.o
    0x080020e0   0x080020e0   0x00000070   Code   RO         5619    i.SetToFIFO         driver_common.o
    0x08002150   0x08002150   0x00000020   Code   RO          235    i.StartNM           oseknmserver.o
    0x08002170   0x08002170   0x00000060   Code   RO         5531    i.Stm32Timer3Init   timer.o
    0x080021d0   0x080021d0   0x0000000c   Code   RO         5532    i.Stm32Timer3ShutDown  timer.o
    0x080021dc   0x080021dc   0x00000028   Code   RO          295    i.SysTick_CLKSourceConfig  misc.o
    0x08002204   0x08002204   0x00000002   Code   RO         5422    i.SysTick_Handler   stm32f4xx_it.o
    0x08002206   0x08002206   0x00000002   PAD
    0x08002208   0x08002208   0x00000068   Code   RO         5492    i.SystemInit        system_stm32f4xx.o
    0x08002270   0x08002270   0x00000020   Code   RO         5533    i.TIM3_IRQHandler   timer.o
    0x08002290   0x08002290   0x00000006   Code   RO         4483    i.TIM_ClearITPendingBit  stm32f4xx_tim.o
    0x08002296   0x08002296   0x00000018   Code   RO         4488    i.TIM_Cmd           stm32f4xx_tim.o
    0x080022ae   0x080022ae   0x00000022   Code   RO         4509    i.TIM_GetITStatus   stm32f4xx_tim.o
    0x080022d0   0x080022d0   0x00000012   Code   RO         4513    i.TIM_ITConfig      stm32f4xx_tim.o
    0x080022e2   0x080022e2   0x00000002   PAD
    0x080022e4   0x080022e4   0x00000084   Code   RO         4560    i.TIM_TimeBaseInit  stm32f4xx_tim.o
    0x08002368   0x08002368   0x0000000e   Code   RO         5620    i.TX_CAN_Transmit   driver_common.o
    0x08002376   0x08002376   0x00000002   PAD
    0x08002378   0x08002378   0x000000e0   Code   RO         5621    i.Timer10           driver_common.o
    0x08002458   0x08002458   0x0000000c   Code   RO         5622    i.TimerOutTERROR    driver_common.o
    0x08002464   0x08002464   0x0000000c   Code   RO         5623    i.TimerOutTMAX      driver_common.o
    0x08002470   0x08002470   0x0000000c   Code   RO         5624    i.TimerOutTTYP      driver_common.o
    0x0800247c   0x0800247c   0x0000000c   Code   RO         5625    i.TimerOutTWBS      driver_common.o
    0x08002488   0x08002488   0x00000088   Code   RO         5362    i.USART1_IRQHandler  usart.o
    0x08002510   0x08002510   0x00000018   Code   RO         5042    i.USART_Cmd         stm32f4xx_usart.o
    0x08002528   0x08002528   0x00000054   Code   RO         5046    i.USART_GetITStatus  stm32f4xx_usart.o
    0x0800257c   0x0800257c   0x0000004a   Code   RO         5048    i.USART_ITConfig    stm32f4xx_usart.o
    0x080025c6   0x080025c6   0x00000002   PAD
    0x080025c8   0x080025c8   0x000000d4   Code   RO         5049    i.USART_Init        stm32f4xx_usart.o
    0x0800269c   0x0800269c   0x0000000a   Code   RO         5056    i.USART_ReceiveData  stm32f4xx_usart.o
    0x080026a6   0x080026a6   0x00000004   Code   RO         5423    i.UsageFault_Handler  stm32f4xx_it.o
    0x080026aa   0x080026aa   0x0000000e   Code   RO         5796    i._is_digit         c_w.l(__printf_wp.o)
    0x080026b8   0x080026b8   0x00000004   Code   RO         5363    i._sys_exit         usart.o
    0x080026bc   0x080026bc   0x0000003c   Code   RO         5296    i.delay_init        delay.o
    0x080026f8   0x080026f8   0x00000038   Code   RO         5297    i.delay_ms          delay.o
    0x08002730   0x08002730   0x0000004c   Code   RO         5299    i.delay_xms         delay.o
    0x0800277c   0x0800277c   0x0000001c   Code   RO         5364    i.fputc             usart.o
    0x08002798   0x08002798   0x00000034   Code   RO         5728    i.main              test.o
    0x080027cc   0x080027cc   0x000000ac   Code   RO         5365    i.uart_init         usart.o
    0x08002878   0x08002878   0x0000000a   Code   RO         5912    x$fpl$fpinit        fz_wm.l(fpinit.o)
    0x08002882   0x08002882   0x00000028   Data   RO         5769    .constdata          c_w.l(_printf_hex_int.o)
    0x080028aa   0x080028aa   0x00000011   Data   RO         5804    .constdata          c_w.l(__printf_flags_ss_wp.o)
    0x080028bb   0x080028bb   0x00000001   PAD
    0x080028bc   0x080028bc   0x00000020   Data   RO         5976    Region$$Table       anon$$obj.o


    Execution Region ER_RW (Exec base: 0x20000000, Load base: 0x080028dc, Size: 0x0000004c, Max: 0xffffffff, ABSOLUTE)

    Exec Addr    Load Addr    Size         Type   Attr      Idx    E Section Name        Object

    0x20000000   0x080028dc   0x0000000c   Data   RW           20    .data               oseknm.o
    0x2000000c   0x080028e8   0x00000010   Data   RW         3145    .data               stm32f4xx_rcc.o
    0x2000001c   0x080028f8   0x00000004   Data   RW         5300    .data               delay.o
    0x20000020   0x080028fc   0x00000006   Data   RW         5367    .data               usart.o
    0x20000026   0x08002902   0x00000002   PAD
    0x20000028   0x08002904   0x00000024   Data   RW         5627    .data               driver_common.o


    Execution Region ER_ZI (Exec base: 0x2000004c, Load base: 0x08002928, Size: 0x0000088c, Max: 0xffffffff, ABSOLUTE)

    Exec Addr    Load Addr    Size         Type   Attr      Idx    E Section Name        Object

    0x2000004c        -       0x00000060   Zero   RW           19    .bss                oseknm.o
    0x200000ac        -       0x000000c8   Zero   RW         5366    .bss                usart.o
    0x20000174        -       0x00000104   Zero   RW         5626    .bss                driver_common.o
    0x20000278        -       0x00000060   Zero   RW         5854    .bss                c_w.l(libspace.o)
    0x200002d8        -       0x00000200   Zero   RW          282    HEAP                startup_stm32f40_41xxx.o
    0x200004d8        -       0x00000400   Zero   RW          281    STACK               startup_stm32f40_41xxx.o


==============================================================================

Image component sizes


      Code (inc. data)   RO Data    RW Data    ZI Data      Debug   Object Name

       452         20          0          0          0       2708   can.o
       192         12          0          4          0       1964   delay.o
      1190        222          0         36        260       9518   driver_common.o
       180         24          0          0          0       2277   misc.o
      3380        498          0         12         96     313239   oseknm.o
        32         10          0          0          0       2550   oseknmserver.o
        64         26        392          0       1536        860   startup_stm32f40_41xxx.o
      1252         28          0          0          0       5421   stm32f4xx_can.o
       214          0          0          0          0       1955   stm32f4xx_gpio.o
        26          0          0          0          0       4350   stm32f4xx_it.o
       328         36          0         16          0       4875   stm32f4xx_rcc.o
       214         28          0          0          0       3906   stm32f4xx_tim.o
       404          8          0          0          0       4498   stm32f4xx_usart.o
       340         32          0          0          0       1725   system_stm32f4xx.o
        52         14          0          0          0        467   test.o
       140          8          0          0          0       1626   timer.o
       340         28          0          6        200       4376   usart.o

    ----------------------------------------------------------------------
      8818        994        424         76       2092     366315   Object Totals
         0          0         32          0          0          0   (incl. Generated)
        18          0          0          2          0          0   (incl. Padding)

    ----------------------------------------------------------------------

      Code (inc. data)   RO Data    RW Data    ZI Data      Debug   Library Member Name

         8          0          0          0          0         68   __main.o
       392          4         17          0          0         92   __printf_flags_ss_wp.o
        14          0          0          0          0         68   __printf_wp.o
         0          0          0          0          0          0   __rtentry.o
        12          0          0          0          0          0   __rtentry2.o
         6          0          0          0          0          0   __rtentry4.o
        52          8          0          0          0          0   __scatter.o
        26          0          0          0          0          0   __scatter_copy.o
        28          0          0          0          0          0   __scatter_zi.o
        48          6          0          0          0         96   _printf_char_common.o
        36          4          0          0          0         80   _printf_char_file.o
        88          4         40          0          0         88   _printf_hex_int.o
       178          0          0          0          0         88   _printf_intcommon.o
        78          0          0          0          0        108   _printf_pad.o
         0          0          0          0          0          0   _printf_percent.o
         4          0          0          0          0          0   _printf_percent_end.o
         6          0          0          0          0          0   _printf_x.o
        18          0          0          0          0         80   exit.o
         8          0          0          0          0         68   ferror.o
         6          0          0          0          0        152   heapauxi.o
         2          0          0          0          0          0   libinit.o
         6          0          0          0          0          0   libinit2.o
         2          0          0          0          0          0   libshutdown.o
         2          0          0          0          0          0   libshutdown2.o
         8          4          0          0         96         68   libspace.o
        24          4          0          0          0         84   noretval__2printf.o
         2          0          0          0          0          0   rtexit.o
        10          0          0          0          0          0   rtexit2.o
        74          0          0          0          0         80   sys_stackheap_outer.o
         2          0          0          0          0         68   use_no_semi.o
         2          0          0          0          0         68   use_no_semi_2.o
        10          0          0          0          0        116   fpinit.o

    ----------------------------------------------------------------------
      1160         34         58          0         96       1472   Library Totals
         8          0          1          0          0          0   (incl. Padding)

    ----------------------------------------------------------------------

      Code (inc. data)   RO Data    RW Data    ZI Data      Debug   Library Name

      1142         34         57          0         96       1356   c_w.l
        10          0          0          0          0        116   fz_wm.l

    ----------------------------------------------------------------------
      1160         34         58          0         96       1472   Library Totals

    ----------------------------------------------------------------------

==============================================================================


      Code (inc. data)   RO Data    RW Data    ZI Data      Debug   

      9978       1028        482         76       2188     359563   Grand Totals
      9978       1028        482         76       2188     359563   ELF Image Totals
      9978       1028        482         76          0          0   ROM Totals

==============================================================================

    Total RO  Size (Code + RO Data)                10460 (  10.21kB)
    Total RW  Size (RW Data + ZI Data)              2264 (   2.21kB)
    Total ROM Size (Code + RO Data + RW Data)      10536 (  10.29kB)

==============================================================================

